Renderer warning: %cElectron Security Warning (Disabled webSecurity) font-weight: bold; This renderer process has "webSecurity" disabled. This
  exposes users of this app to severe security risks.

For more information and help, consult
https://electronjs.org/docs/tutorial/security.
This warning will not show up
once the app is packaged.
Renderer warning: %cElectron Security Warning (allowRunningInsecureContent) font-weight: bold; This renderer process has "allowRunningInsecureContent"
  enabled. This exposes users of this app to severe security risks.

  
For more information and help, consult
https://electronjs.org/docs/tutorial/security.
This warning will not show up
once the app is packaged.
Renderer warning: %cElectron Security Warning (Insecure Content-Security-Policy) font-weight: bold; This renderer process has either no Content Security
  Policy set or a policy with "unsafe-eval" enabled. This exposes users of
  this app to unnecessary security risks.

For more information and help, consult
https://electronjs.org/docs/tutorial/security.
This warning will not show up
once the app is packaged.
Renderer warning: %cElectron Security Warning (Disabled webSecurity) font-weight: bold; This renderer process has "webSecurity" disabled. This
  exposes users of this app to severe security risks.

For more information and help, consult
https://electronjs.org/docs/tutorial/security.
This warning will not show up
once the app is packaged.
Renderer warning: %cElectron Security Warning (allowRunningInsecureContent) font-weight: bold; This renderer process has "allowRunningInsecureContent"
  enabled. This exposes users of this app to severe security risks.

  
For more information and help, consult
https://electronjs.org/docs/tutorial/security.
This warning will not show up
once the app is packaged.
Renderer warning: %cElectron Security Warning (Insecure Content-Security-Policy) font-weight: bold; This renderer process has either no Content Security
  Policy set or a policy with "unsafe-eval" enabled. This exposes users of
  this app to unnecessary security risks.

For more information and help, consult
https://electronjs.org/docs/tutorial/security.
This warning will not show up
once the app is packaged.
Renderer warning: Canvas2D: Multiple readback operations using getImageData are faster with the willReadFrequently attribute set to true. See: https://html.spec.whatwg.org/multipage/canvas.html#concept-canvas-will-read-frequently
Debugger ending on ws://127.0.0.1:53028/a2127ff5-1564-41d5-bf4e-9f7bb89b0631
For help, see: https://nodejs.org/en/docs/inspector
Renderer error: Failed to load resource: net::ERR_FILE_NOT_FOUND
Close: Bounded operation timed out
[69331:1002/044102.952367:ERROR:content/browser/gpu/gpu_process_host.cc:996] GPU process exited unexpectedly: exit_code=15
Renderer warning: WebGL: CONTEXT_LOST_WEBGL: loseContext: context lost
Renderer warning: WebGL: CONTEXT_LOST_WEBGL: loseContext: context lost
[69331:1002/044102.958958:ERROR:content/browser/network_service_instance_impl.cc:608] Network service crashed or was terminated, restarting service.
