
 RUN  v4.1.5 /Users/mohamedb/.herdr/worktrees/showhow/ticket-66-exclude-outside-clicks

 ❯ electron/showhow/bundle.test.ts (67 tests | 1 failed | 66 skipped) 8ms
     × regeneration: fails safely without rewriting artifacts when step deletion removes the retained click's screenshot association 8ms

⎯⎯⎯⎯⎯⎯⎯ Failed Tests 1 ⎯⎯⎯⎯⎯⎯⎯

 FAIL  electron/showhow/bundle.test.ts > click visibility filtering (issue #66: exclude outside clicks) > regeneration: fails safely without rewriting artifacts when step deletion removes the retained click's screenshot association
AssertionError: expected true to be false // Object.is equality

- Expected
+ Received

- false
+ true

 ❯ electron/showhow/bundle.test.ts:1665:25
    1663|   // regeneration must fail safely (success: false, like corrupt requi…
    1664|   // sources) rather than renumber it onto the hidden click's image.
    1665|   expect(regen.success).toBe(false);
       |                         ^
    1666|   // The prior artifact pair is preserved byte-for-byte -- no rewritten
    1667|   // steps.json/steps.md referencing the hidden click's step-01.png.

⎯⎯⎯⎯⎯⎯⎯⎯⎯⎯⎯⎯⎯⎯⎯⎯⎯⎯⎯⎯⎯⎯⎯⎯[1/1]⎯


 Test Files  1 failed (1)
      Tests  1 failed | 66 skipped (67)
   Start at  23:05:17
   Duration  503ms (transform 56ms, setup 0ms, import 68ms, tests 8ms, environment 370ms)


Exit code: 1
