Test	Run npm run test:browser	﻿2026-09-08T00:04:50.1233902Z ##[group]Run npm run test:browser
Test	Run npm run test:browser	2026-09-08T00:04:50.1234238Z ^[[36;1mnpm run test:browser^[[0m
Test	Run npm run test:browser	2026-09-08T00:04:50.1271637Z shell: /usr/bin/bash -e {0}
Test	Run npm run test:browser	2026-09-08T00:04:50.1271899Z ##[endgroup]
Test	Run npm run test:browser	2026-09-08T00:04:50.2224305Z 
Test	Run npm run test:browser	2026-09-08T00:04:50.2225004Z > showhow@1.6.0 test:browser
Test	Run npm run test:browser	2026-09-08T00:04:50.2225789Z > vitest --config vitest.browser.config.ts --run
Test	Run npm run test:browser	2026-09-08T00:04:50.2226347Z 
Test	Run npm run test:browser	2026-09-08T00:04:50.5740289Z 
Test	Run npm run test:browser	2026-09-08T00:04:50.5744362Z ^[[1m^[[30m^[[46m RUN ^[[49m^[[39m^[[22m ^[[36mv4.1.5 ^[[39m^[[90m/home/runner/work/showhow/showhow^[[39m
Test	Run npm run test:browser	2026-09-08T00:04:50.5745188Z 
Test	Run npm run test:browser	2026-09-08T00:04:55.4607030Z ^[[90mstdout^[[2m | src/lib/exporter/mp4HighResolution.browser.test.ts^[[2m > ^[[22m^[[2mrecognizes every glyph in the exact unencoded reference control
Test	Run npm run test:browser	2026-09-08T00:04:55.4646681Z ^[[22m^[[39mMP4_ORACLE_CONTROL {"frame":15,"score":{"correct":42,"total":42,"minimumContrastRatio":1,"mismatches":[]},"matchedRows":{"correct":42,"total":42,"minimumContrastRatio":1,"mismatches":[]},"negative":{"correct":2,"total":42,"minimumContrastRatio":0.0861244019138756,"mismatches":[{"row":0,"column":0,"expected":"0","recognized":"7","rectangle":{"x":94,"y":72,"width":24,"height":30}},{"row":0,"column":1,"expected":"1","recognized":"7","rectangle":{"x":125,"y":72,"width":24,"height":30}},{"row":0,"column":2,"expected":"2","recognized":"7","rectangle":{"x":157,"y":72,"width":24,"height":30}},{"row":0,"column":3,"expected":"3","recognized":"7","rectangle":{"x":189,"y":72,"width":24,"height":30}},{"row":0,"column":4,"expected":"4","recognized":"7","rectangle":{"x":221,"y":72,"width":24,"height":30}},{"row":0,"column":5,"expected":"5","recognized":"7","rectangle":{"x":252,"y":72,"width":24,"height":30}},{"row":0,"column":6,"expected":"6","recognized":"7","rectangle":{"x":284,"y":72,"width":24,"height":30}},{"row":0,"column":8,"expected":"8","recognized":"7","rectangle":{"x":348,"y":72,"width":24,"height":30}},{"row":0,"column":9,"expected":"9","recognized":"7","rectangle":{"x":379,"y":72,"width":24,"height":30}},{"row":0,"column":10,"expected":"A","recognized":"7","rectangle":{"x":411,"y":72,"width":24,"height":30}},{"row":0,"column":11,"expected":"B","recognized":"7","rectangle":{"x":443,"y":72,"width":24,"height":30}},{"row":0,"column":12,"expected":"C","recognized":"7","rectangle":{"x":475,"y":72,"width":24,"height":30}},{"row":0,"column":13,"expected":"D","recognized":"7","rectangle":{"x":506,"y":72,"width":24,"height":30}},{"row":0,"column":14,"expected":"E","recognized":"7","rectangle":{"x":538,"y":72,"width":24,"height":30}},{"row":0,"column":15,"expected":"F","recognized":"7","rectangle":{"x":570,"y":72,"width":24,"height":30}},{"row":0,"column":16,"expected":"G","recognized":"7","rectangle":{"x":602,"y":72,"width":24,"height":30}},{"row":0,"column":17,"expected":"H","recognized":"7","rectangle":{"x":633,"y":72,"width":24,"height":30}},{"row":0,"column":18,"expected":"J","recognized":"7","rectangle":{"x":665,"y":72,"width":24,"height":30}},{"row":0,"column":19,"expected":"K","recognized":"C","rectangle":{"x":697,"y":72,"width":24,"height":30}},{"row":0,"column":20,"expected":"M","recognized":"7","rectangle":{"x":729,"y":72,"width":24,"height":30}},{"row":30,"column":0,"expected":"0","recognized":"7","rectangle":{"x":94,"y":1263,"width":24,"height":30}},{"row":30,"column":1,"expected":"1","recognized":"7","rectangle":{"x":125,"y":1263,"width":24,"height":30}},{"row":30,"column":2,"expected":"2","recognized":"7","rectangle":{"x":157,"y":1263,"width":24,"height":30}},{"row":30,"column":3,"expected":"3","recognized":"7","rectangle":{"x":189,"y":1263,"width":24,"height":30}},{"row":30,"column":4,"expected":"4","recognized":"7","rectangle":{"x":221,"y":1263,"width":24,"height":30}},{"row":30,"column":5,"expected":"5","recognized":"7","rectangle":{"x":252,"y":1263,"width":24,"height":30}},{"row":30,"column":6,"expected":"6","recognized":"7","rectangle":{"x":284,"y":1263,"width":24,"height":30}},{"row":30,"column":8,"expected":"8","recognized":"7","rectangle":{"x":348,"y":1263,"width":24,"height":30}},{"row":30,"column":9,"expected":"9","recognized":"7","rectangle":{"x":379,"y":1263,"width":24,"height":30}},{"row":30,"column":10,"expected":"A","recognized":"7","rectangle":{"x":411,"y":1263,"width":24,"height":30}},{"row":30,"column":11,"expected":"B","recognized":"7","rectangle":{"x":443,"y":1263,"width":24,"height":30}},{"row":30,"column":12,"expected":"C","recognized":"7","rectangle":{"x":475,"y":1263,"width":24,"height":30}},{"row":30,"column":13,"expected":"D","recognized":"7","rectangle":{"x":506,"y":1263,"width":24,"height":30}},{"row":30,"column":14,"expected":"E","recognized":"7","rectangle":{"x":538,"y":1263,"width":24,"height":30}},{"row":30,"column":15,"expected":"F","recognized":"7","rectangle":{"x":570,"y":1263,"width":24,"height":30}},{"row":30,"column":16,"expected":"G","recognized":"7","rectangle":{"x":602,"y":1263,"width":24,"height":30}},{"row":30,"column":17,"expected":"H","recognized":"7","rectangle":{"x":633,"y":1263,"width":24,"height":30}},{"row":30,"column":18,"expected":"J","recognized":"7","rectangle":{"x":665,"y":1263,"width":24,"height":30}},{"row":30,"column":19,"expected":"K","recognized":"7","rectangle":{"x":697,"y":1263,"width":24,"height":30}},{"row":30,"column":20,"expected":"M","recognized":"7","rectangle":{"x":729,"y":1263,"width":24,"height":30}}]}}
Test	Run npm run test:browser	2026-09-08T00:04:56.8990172Z ^[[90mstdout^[[2m | src/lib/exporter/mp4HighResolution.browser.test.ts^[[2m > ^[[22m^[[2mrecognizes every glyph in the exact unencoded reference control
Test	Run npm run test:browser	2026-09-08T00:04:56.9029947Z ^[[22m^[[39mMP4_ORACLE_CONTROL {"frame":45,"score":{"correct":42,"total":42,"minimumContrastRatio":1,"mismatches":[]},"matchedRows":{"correct":42,"total":42,"minimumContrastRatio":1,"mismatches":[]},"negative":{"correct":2,"total":42,"minimumContrastRatio":0.09,"mismatches":[{"row":0,"column":0,"expected":"0","recognized":"7","rectangle":{"x":123,"y":72,"width":24,"height":30}},{"row":0,"column":1,"expected":"1","recognized":"7","rectangle":{"x":155,"y":72,"width":24,"height":30}},{"row":0,"column":2,"expected":"2","recognized":"7","rectangle":{"x":187,"y":72,"width":24,"height":30}},{"row":0,"column":3,"expected":"3","recognized":"7","rectangle":{"x":219,"y":72,"width":24,"height":30}},{"row":0,"column":4,"expected":"4","recognized":"7","rectangle":{"x":250,"y":72,"width":24,"height":30}},{"row":0,"column":5,"expected":"5","recognized":"7","rectangle":{"x":282,"y":72,"width":24,"height":30}},{"row":0,"column":6,"expected":"6","recognized":"7","rectangle":{"x":314,"y":72,"width":24,"height":30}},{"row":0,"column":8,"expected":"8","recognized":"7","rectangle":{"x":377,"y":72,"width":24,"height":30}},{"row":0,"column":9,"expected":"9","recognized":"7","rectangle":{"x":409,"y":72,"width":24,"height":30}},{"row":0,"column":10,"expected":"A","recognized":"7","rectangle":{"x":441,"y":72,"width":24,"height":30}},{"row":0,"column":11,"expected":"B","recognized":"7","rectangle":{"x":473,"y":72,"width":24,"height":30}},{"row":0,"column":12,"expected":"C","recognized":"7","rectangle":{"x":504,"y":72,"width":24,"height":30}},{"row":0,"column":13,"expected":"D","recognized":"7","rectangle":{"x":536,"y":72,"width":24,"height":30}},{"row":0,"column":14,"expected":"E","recognized":"7","rectangle":{"x":568,"y":72,"width":24,"height":30}},{"row":0,"column":15,"expected":"F","recognized":"7","rectangle":{"x":600,"y":72,"width":24,"height":30}},{"row":0,"column":16,"expected":"G","recognized":"7","rectangle":{"x":631,"y":72,"width":24,"height":30}},{"row":0,"column":17,"expected":"H","recognized":"7","rectangle":{"x":663,"y":72,"width":24,"height":30}},{"row":0,"column":18,"expected":"J","recognized":"7","rectangle":{"x":695,"y":72,"width":24,"height":30}},{"row":0,"column":19,"expected":"K","recognized":"7","rectangle":{"x":727,"y":72,"width":24,"height":30}},{"row":0,"column":20,"expected":"M","recognized":"7","rectangle":{"x":758,"y":72,"width":24,"height":30}},{"row":30,"column":0,"expected":"0","recognized":"7","rectangle":{"x":123,"y":1263,"width":24,"height":30}},{"row":30,"column":1,"expected":"1","recognized":"7","rectangle":{"x":155,"y":1263,"width":24,"height":30}},{"row":30,"column":2,"expected":"2","recognized":"7","rectangle":{"x":187,"y":1263,"width":24,"height":30}},{"row":30,"column":3,"expected":"3","recognized":"7","rectangle":{"x":219,"y":1263,"width":24,"height":30}},{"row":30,"column":4,"expected":"4","recognized":"7","rectangle":{"x":250,"y":1263,"width":24,"height":30}},{"row":30,"column":5,"expected":"5","recognized":"7","rectangle":{"x":282,"y":1263,"width":24,"height":30}},{"row":30,"column":6,"expected":"6","recognized":"7","rectangle":{"x":314,"y":1263,"width":24,"height":30}},{"row":30,"column":8,"expected":"8","recognized":"7","rectangle":{"x":377,"y":1263,"width":24,"height":30}},{"row":30,"column":9,"expected":"9","recognized":"7","rectangle":{"x":409,"y":1263,"width":24,"height":30}},{"row":30,"column":10,"expected":"A","recognized":"7","rectangle":{"x":441,"y":1263,"width":24,"height":30}},{"row":30,"column":11,"expected":"B","recognized":"7","rectangle":{"x":473,"y":1263,"width":24,"height":30}},{"row":30,"column":12,"expected":"C","recognized":"7","rectangle":{"x":504,"y":1263,"width":24,"height":30}},{"row":30,"column":13,"expected":"D","recognized":"7","rectangle":{"x":536,"y":1263,"width":24,"height":30}},{"row":30,"column":14,"expected":"E","recognized":"7","rectangle":{"x":568,"y":1263,"width":24,"height":30}},{"row":30,"column":15,"expected":"F","recognized":"7","rectangle":{"x":600,"y":1263,"width":24,"height":30}},{"row":30,"column":16,"expected":"G","recognized":"7","rectangle":{"x":631,"y":1263,"width":24,"height":30}},{"row":30,"column":17,"expected":"H","recognized":"7","rectangle":{"x":663,"y":1263,"width":24,"height":30}},{"row":30,"column":18,"expected":"J","recognized":"7","rectangle":{"x":695,"y":1263,"width":24,"height":30}},{"row":30,"column":19,"expected":"K","recognized":"7","rectangle":{"x":727,"y":1263,"width":24,"height":30}},{"row":30,"column":20,"expected":"M","recognized":"7","rectangle":{"x":758,"y":1263,"width":24,"height":30}}]}}
Test	Run npm run test:browser	2026-09-08T00:05:14.3235662Z ^[[90mstderr^[[2m | src/lib/exporter/mp4HighResolution.browser.test.ts^[[2m > ^[[22m^[[2mpreserves native 4K source-quality text through motion and rejects blurred text
Test	Run npm run test:browser	2026-09-08T00:05:14.3238285Z ^[[22m^[[39mFailed to get platform from Electron, falling back to navigator: [TypeError: Cannot read properties of undefined (reading 'getPlatform')]
Test	Run npm run test:browser	2026-09-08T00:05:14.6247287Z ^[[90mstdout^[[2m | src/lib/exporter/mp4HighResolution.browser.test.ts^[[2m > ^[[22m^[[2mpreserves native 4K source-quality text through motion and rejects blurred text
Test	Run npm run test:browser	2026-09-08T00:05:14.6248596Z ^[[22m^[[39m[VideoExporter] source-copy fast path disabled {
Test	Run npm run test:browser	2026-09-08T00:05:14.6248972Z   "blockers": [
Test	Run npm run test:browser	2026-09-08T00:05:14.6249237Z     "padding is not zero",
Test	Run npm run test:browser	2026-09-08T00:05:14.6249479Z   ],
Test	Run npm run test:browser	2026-09-08T00:05:14.6249678Z   "output": {
Test	Run npm run test:browser	2026-09-08T00:05:14.6249884Z     "height": 2160,
Test	Run npm run test:browser	2026-09-08T00:05:14.6250097Z     "width": 3840,
Test	Run npm run test:browser	2026-09-08T00:05:14.6250301Z   },
Test	Run npm run test:browser	2026-09-08T00:05:14.6250481Z   "source": {
Test	Run npm run test:browser	2026-09-08T00:05:14.6250691Z     "audioCodec": undefined,
Test	Run npm run test:browser	2026-09-08T00:05:14.6250934Z     "codec": "avc1.640c34",
Test	Run npm run test:browser	2026-09-08T00:05:14.6251173Z     "duration": 1,
Test	Run npm run test:browser	2026-09-08T00:05:14.6251396Z     "frameRate": 60,
Test	Run npm run test:browser	2026-09-08T00:05:14.6251613Z     "hasAudio": false,
Test	Run npm run test:browser	2026-09-08T00:05:14.6251837Z     "height": 2160,
Test	Run npm run test:browser	2026-09-08T00:05:14.6252051Z     "streamDuration": 1,
Test	Run npm run test:browser	2026-09-08T00:05:14.6252277Z     "width": 3840,
Test	Run npm run test:browser	2026-09-08T00:05:14.6252477Z   },
Test	Run npm run test:browser	2026-09-08T00:05:14.6252656Z }
Test	Run npm run test:browser	2026-09-08T00:05:14.6712851Z ^[[90mstderr^[[2m | src/lib/exporter/mp4HighResolution.browser.test.ts^[[2m > ^[[22m^[[2mpreserves native 4K source-quality text through motion and rejects blurred text
Test	Run npm run test:browser	2026-09-08T00:05:14.6715537Z ^[[22m^[[39m    at FrameRenderer.initialize (http://localhost:63315/src/lib/exporter/frameRenderer.ts:135:26)
Test	Run npm run test:browser	2026-09-08T00:05:14.6717846Z     at async VideoExporter.exportWithEncoderPreference (http://localhost:63315/src/lib/exporter/videoExporter.ts:204:7)
Test	Run npm run test:browser	2026-09-08T00:05:14.6719737Z     at async VideoExporter.export (http://localhost:63315/src/lib/exporter/videoExporter.ts:105:16)
Test	Run npm run test:browser	2026-09-08T00:05:14.6721857Z     at async http://localhost:63315/home/runner/work/showhow/showhow/src/lib/exporter/mp4HighResolution.browser.test.ts?import&browserv=1788825893162:74:22
Test	Run npm run test:browser	2026-09-08T00:05:14.6723419Z     at async http://localhost:63315/node_modules/@vitest/runner/dist/chunk-artifact.js?v=c11baef4:1903:20
Test	Run npm run test:browser	2026-09-08T00:05:14.6724816Z ^[[90mstderr^[[2m | src/lib/exporter/mp4HighResolution.browser.test.ts^[[2m > ^[[22m^[[2mpreserves native 4K source-quality text through motion and rejects blurred text
Test	Run npm run test:browser	2026-09-08T00:05:14.6726531Z ^[[22m^[[39m    at FrameRenderer.initialize (http://localhost:63315/src/lib/exporter/frameRenderer.ts:136:29)
Test	Run npm run test:browser	2026-09-08T00:05:14.6728305Z     at async VideoExporter.exportWithEncoderPreference (http://localhost:63315/src/lib/exporter/videoExporter.ts:204:7)
Test	Run npm run test:browser	2026-09-08T00:05:14.6729664Z     at async VideoExporter.export (http://localhost:63315/src/lib/exporter/videoExporter.ts:105:16)
Test	Run npm run test:browser	2026-09-08T00:05:14.6731732Z     at async http://localhost:63315/home/runner/work/showhow/showhow/src/lib/exporter/mp4HighResolution.browser.test.ts?import&browserv=1788825893162:74:22
Test	Run npm run test:browser	2026-09-08T00:05:14.6733709Z     at async http://localhost:63315/node_modules/@vitest/runner/dist/chunk-artifact.js?v=c11baef4:1903:20
Test	Run npm run test:browser	2026-09-08T00:05:14.6812780Z ^[[90mstderr^[[2m | src/lib/exporter/mp4HighResolution.browser.test.ts^[[2m > ^[[22m^[[2mpreserves native 4K source-quality text through motion and rejects blurred text
Test	Run npm run test:browser	2026-09-08T00:05:14.6815505Z ^[[22m^[[39m[VideoExporter] prefer-hardware export attempt failed: [Error: Hardware video encoding is not supported on this system.]
Test	Run npm run test:browser	2026-09-08T00:05:14.9939538Z ^[[90mstdout^[[2m | src/lib/exporter/mp4HighResolution.browser.test.ts^[[2m > ^[[22m^[[2mpreserves native 4K source-quality text through motion and rejects blurred text
Test	Run npm run test:browser	2026-09-08T00:05:14.9941856Z ^[[22m^[[39m[VideoExporter] source-copy fast path disabled {
Test	Run npm run test:browser	2026-09-08T00:05:14.9942871Z   "blockers": [
Test	Run npm run test:browser	2026-09-08T00:05:14.9943610Z     "padding is not zero",
Test	Run npm run test:browser	2026-09-08T00:05:14.9944380Z   ],
Test	Run npm run test:browser	2026-09-08T00:05:14.9945171Z   "output": {
Test	Run npm run test:browser	2026-09-08T00:05:14.9946271Z     "height": 2160,
Test	Run npm run test:browser	2026-09-08T00:05:14.9946905Z     "width": 3840,
Test	Run npm run test:browser	2026-09-08T00:05:14.9947284Z   },
Test	Run npm run test:browser	2026-09-08T00:05:14.9947598Z   "source": {
Test	Run npm run test:browser	2026-09-08T00:05:14.9947955Z     "audioCodec": undefined,
Test	Run npm run test:browser	2026-09-08T00:05:14.9948233Z     "codec": "avc1.640c34",
Test	Run npm run test:browser	2026-09-08T00:05:14.9948475Z     "duration": 1,
Test	Run npm run test:browser	2026-09-08T00:05:14.9948697Z     "frameRate": 60,
Test	Run npm run test:browser	2026-09-08T00:05:14.9949007Z     "hasAudio": false,
Test	Run npm run test:browser	2026-09-08T00:05:14.9949767Z     "height": 2160,
Test	Run npm run test:browser	2026-09-08T00:05:14.9950113Z     "streamDuration": 1,
Test	Run npm run test:browser	2026-09-08T00:05:14.9950354Z     "width": 3840,
Test	Run npm run test:browser	2026-09-08T00:05:14.9950562Z   },
Test	Run npm run test:browser	2026-09-08T00:05:14.9950753Z }
Test	Run npm run test:browser	2026-09-08T00:05:15.0515238Z ^[[90mstdout^[[2m | src/lib/exporter/mp4HighResolution.browser.test.ts^[[2m > ^[[22m^[[2mpreserves native 4K source-quality text through motion and rejects blurred text
Test	Run npm run test:browser	2026-09-08T00:05:15.0517268Z ^[[22m^[[39m[VideoExporter] Using software acceleration
Test	Run npm run test:browser	2026-09-08T00:05:15.1494187Z ^[[90mstdout^[[2m | src/lib/exporter/mp4HighResolution.browser.test.ts^[[2m > ^[[22m^[[2mpreserves native 4K source-quality text through motion and rejects blurred text
Test	Run npm run test:browser	2026-09-08T00:05:15.1509534Z ^[[22m^[[39m[StreamingVideoDecoder] decoderConfig.codec: avc1.640c34
Test	Run npm run test:browser	2026-09-08T00:05:15.1512091Z ^[[90mstdout^[[2m | src/lib/exporter/mp4HighResolution.browser.test.ts^[[2m > ^[[22m^[[2mpreserves native 4K source-quality text through motion and rejects blurred text
Test	Run npm run test:browser	2026-09-08T00:05:15.1513799Z ^[[22m^[[39m[StreamingVideoDecoder] decoderConfig.description: Uint8Array [
Test	Run npm run test:browser	2026-09-08T00:05:15.1514493Z   1,
Test	Run npm run test:browser	2026-09-08T00:05:15.1514972Z   100,
Test	Run npm run test:browser	2026-09-08T00:05:15.1515505Z   12,
Test	Run npm run test:browser	2026-09-08T00:05:15.1516409Z   52,
Test	Run npm run test:browser	2026-09-08T00:05:15.1516951Z   255,
Test	Run npm run test:browser	2026-09-08T00:05:15.1517467Z   225,
Test	Run npm run test:browser	2026-09-08T00:05:15.1517969Z   0,
Test	Run npm run test:browser	2026-09-08T00:05:15.1518469Z   19,
Test	Run npm run test:browser	2026-09-08T00:05:15.1518973Z   103,
Test	Run npm run test:browser	2026-09-08T00:05:15.1519449Z   100,
Test	Run npm run test:browser	2026-09-08T00:05:15.1519900Z   12,
Test	Run npm run test:browser	2026-09-08T00:05:15.1520333Z   52,
Test	Run npm run test:browser	2026-09-08T00:05:15.1520766Z   172,
Test	Run npm run test:browser	2026-09-08T00:05:15.1521281Z   24,
Test	Run npm run test:browser	2026-09-08T00:05:15.1521810Z   208,
Test	Run npm run test:browser	2026-09-08T00:05:15.1522307Z   7,
Test	Run npm run test:browser	2026-09-08T00:05:15.1522843Z   128,
Test	Run npm run test:browser	2026-09-08T00:05:15.1523812Z   8,
Test	Run npm run test:browser	2026-09-08T00:05:15.1524371Z   125,
Test	Run npm run test:browser	2026-09-08T00:05:15.1524912Z   53,
Test	Run npm run test:browser	2026-09-08T00:05:15.1525423Z   1,
Test	Run npm run test:browser	2026-09-08T00:05:15.1526192Z   1,
Test	Run npm run test:browser	2026-09-08T00:05:15.1526666Z   1,
Test	Run npm run test:browser	2026-09-08T00:05:15.1526976Z   7,
Test	Run npm run test:browser	2026-09-08T00:05:15.1527268Z   132,
Test	Run npm run test:browser	2026-09-08T00:05:15.1527563Z   66,
Test	Run npm run test:browser	2026-09-08T00:05:15.1527867Z   53,
Test	Run npm run test:browser	2026-09-08T00:05:15.1528342Z   1,
Test	Run npm run test:browser	2026-09-08T00:05:15.1528656Z   0,
Test	Run npm run test:browser	2026-09-08T00:05:15.1529050Z   4,
Test	Run npm run test:browser	2026-09-08T00:05:15.1529554Z   104,
Test	Run npm run test:browser	2026-09-08T00:05:15.1529991Z   206,
Test	Run npm run test:browser	2026-09-08T00:05:15.1530432Z   60,
Test	Run npm run test:browser	2026-09-08T00:05:15.1530871Z   128,
Test	Run npm run test:browser	2026-09-08T00:05:15.1531297Z   253,
Test	Run npm run test:browser	2026-09-08T00:05:15.1531759Z   248,
Test	Run npm run test:browser	2026-09-08T00:05:15.1532194Z   248,
Test	Run npm run test:browser	2026-09-08T00:05:15.1532624Z   0,
Test	Run npm run test:browser	2026-09-08T00:05:15.1533068Z ]
Test	Run npm run test:browser	2026-09-08T00:05:15.1535021Z ^[[90mstdout^[[2m | src/lib/exporter/mp4HighResolution.browser.test.ts^[[2m > ^[[22m^[[2mpreserves native 4K source-quality text through motion and rejects blurred text
Test	Run npm run test:browser	2026-09-08T00:05:15.1537251Z ^[[22m^[[39m[StreamingVideoDecoder] isConfigSupported for "avc1.640c34": true
Test	Run npm run test:browser	2026-09-08T00:08:08.8115773Z ^[[90mstderr^[[2m | src/lib/exporter/mp4HighResolution.browser.test.ts^[[2m > ^[[22m^[[2mpreserves native 4K source-quality text through motion and rejects blurred text
Test	Run npm run test:browser	2026-09-08T00:08:08.8147752Z ^[[22m^[[39m[vitest] Failed to take a screenshot [TimeoutError: locator.screenshot: Timeout 5000ms exceeded.
Test	Run npm run test:browser	2026-09-08T00:08:08.8152031Z Call log:
Test	Run npm run test:browser	2026-09-08T00:08:08.8152928Z   - waiting for locator('[data-vitest="true"]').contentFrame().locator('body')
Test	Run npm run test:browser	2026-09-08T00:08:08.8153801Z ]
Test	Run npm run test:browser	2026-09-08T00:08:24.4871018Z  ^[[31m❯^[[39m ^[[30m^[[43m chromium ^[[49m^[[39m src/lib/exporter/mp4HighResolution.browser.test.ts ^[[2m(^[[22m^[[2m2 tests^[[22m^[[2m | ^[[22m^[[31m1 failed^[[39m^[[2m)^[[22m^[[33m 195031^[[2mms^[[22m^[[39m
Test	Run npm run test:browser	2026-09-08T00:08:24.4877522Z    ^[[33m^[[2m✓^[[22m^[[39m recognizes every glyph in the exact unencoded reference control ^[[33m 3120^[[2mms^[[22m^[[39m
Test	Run npm run test:browser	2026-09-08T00:08:24.4879843Z ^[[31m   ^[[31m×^[[31m preserves native 4K source-quality text through motion and rejects blurred text^[[39m^[[33m 191910^[[2mms^[[22m^[[39m
Test	Run npm run test:browser	2026-09-08T00:08:59.8724825Z  ^[[2m^[[90m↓^[[39m^[[22m ^[[30m^[[43m chromium ^[[49m^[[39m src/lib/exporter/mp4Benchmark.browser.test.ts ^[[2m(^[[22m^[[2m1 test^[[22m^[[2m | ^[[22m^[[33m1 skipped^[[39m^[[2m)^[[22m
Test	Run npm run test:browser	2026-09-08T00:09:00.0824503Z ^[[90mstderr^[[2m | src/lib/exporter/gifExporter.browser.test.ts^[[2m > ^[[22m^[[2mGifExporter (real browser)^[[2m > ^[[22m^[[2mexports a valid GIF blob from a real video
Test	Run npm run test:browser	2026-09-08T00:09:00.0828340Z ^[[22m^[[39mFailed to get platform from Electron, falling back to navigator: [TypeError: Cannot read properties of undefined (reading 'getPlatform')]
Test	Run npm run test:browser	2026-09-08T00:09:00.2240718Z ^[[90mstderr^[[2m | src/lib/exporter/gifExporter.browser.test.ts^[[2m > ^[[22m^[[2mGifExporter (real browser)^[[2m > ^[[22m^[[2mexports a valid GIF blob from a real video
Test	Run npm run test:browser	2026-09-08T00:09:00.2243185Z ^[[22m^[[39m    at FrameRenderer.initialize (http://localhost:63315/src/lib/exporter/frameRenderer.ts:135:26)
Test	Run npm run test:browser	2026-09-08T00:09:00.2247269Z     at async GifExporter.export (http://localhost:63315/src/lib/exporter/gifExporter.ts:95:7)
Test	Run npm run test:browser	2026-09-08T00:09:00.2249481Z     at async http://localhost:63315/home/runner/work/showhow/showhow/src/lib/exporter/gifExporter.browser.test.ts?import&browserv=1788826139953:23:20
Test	Run npm run test:browser	2026-09-08T00:09:00.2251403Z     at async http://localhost:63315/node_modules/@vitest/runner/dist/chunk-artifact.js?v=c11baef4:1903:20
Test	Run npm run test:browser	2026-09-08T00:09:00.2253721Z ^[[90mstderr^[[2m | src/lib/exporter/gifExporter.browser.test.ts^[[2m > ^[[22m^[[2mGifExporter (real browser)^[[2m > ^[[22m^[[2mexports a valid GIF blob from a real video
Test	Run npm run test:browser	2026-09-08T00:09:00.2255737Z ^[[22m^[[39m    at FrameRenderer.initialize (http://localhost:63315/src/lib/exporter/frameRenderer.ts:136:29)
Test	Run npm run test:browser	2026-09-08T00:09:00.2257360Z     at async GifExporter.export (http://localhost:63315/src/lib/exporter/gifExporter.ts:95:7)
Test	Run npm run test:browser	2026-09-08T00:09:00.2258925Z     at async http://localhost:63315/home/runner/work/showhow/showhow/src/lib/exporter/gifExporter.browser.test.ts?import&browserv=1788826139953:23:20
Test	Run npm run test:browser	2026-09-08T00:09:00.2260561Z     at async http://localhost:63315/node_modules/@vitest/runner/dist/chunk-artifact.js?v=c11baef4:1903:20
Test	Run npm run test:browser	2026-09-08T00:09:00.2330649Z ^[[90mstdout^[[2m | src/lib/exporter/gifExporter.browser.test.ts^[[2m > ^[[22m^[[2mGifExporter (real browser)^[[2m > ^[[22m^[[2mexports a valid GIF blob from a real video
Test	Run npm run test:browser	2026-09-08T00:09:00.2332352Z ^[[22m^[[39m[GifExporter] Original duration: 2 s
Test	Run npm run test:browser	2026-09-08T00:09:00.2335510Z ^[[90mstdout^[[2m | src/lib/exporter/gifExporter.browser.test.ts^[[2m > ^[[22m^[[2mGifExporter (real browser)^[[2m > ^[[22m^[[2mexports a valid GIF blob from a real video
Test	Run npm run test:browser	2026-09-08T00:09:00.2339909Z ^[[22m^[[39m[GifExporter] Effective duration: 2 s
Test	Run npm run test:browser	2026-09-08T00:09:00.2342764Z ^[[90mstdout^[[2m | src/lib/exporter/gifExporter.browser.test.ts^[[2m > ^[[22m^[[2mGifExporter (real browser)^[[2m > ^[[22m^[[2mexports a valid GIF blob from a real video
Test	Run npm run test:browser	2026-09-08T00:09:00.2345070Z ^[[22m^[[39m[GifExporter] Total frames to export: 30
Test	Run npm run test:browser	2026-09-08T00:09:00.2349183Z ^[[90mstdout^[[2m | src/lib/exporter/gifExporter.browser.test.ts^[[2m > ^[[22m^[[2mGifExporter (real browser)^[[2m > ^[[22m^[[2mexports a valid GIF blob from a real video
Test	Run npm run test:browser	2026-09-08T00:09:00.2350639Z ^[[22m^[[39m[GifExporter] Frame rate: 15 FPS
Test	Run npm run test:browser	2026-09-08T00:09:00.2360297Z ^[[90mstdout^[[2m | src/lib/exporter/gifExporter.browser.test.ts^[[2m > ^[[22m^[[2mGifExporter (real browser)^[[2m > ^[[22m^[[2mexports a valid GIF blob from a real video
Test	Run npm run test:browser	2026-09-08T00:09:00.2361902Z ^[[22m^[[39m[GifExporter] Frame delay: 67 ms
Test	Run npm run test:browser	2026-09-08T00:09:00.2364258Z ^[[90mstdout^[[2m | src/lib/exporter/gifExporter.browser.test.ts^[[2m > ^[[22m^[[2mGifExporter (real browser)^[[2m > ^[[22m^[[2mexports a valid GIF blob from a real video
Test	Run npm run test:browser	2026-09-08T00:09:00.2366058Z ^[[22m^[[39m[GifExporter] Loop: infinite
Test	Run npm run test:browser	2026-09-08T00:09:00.2368003Z ^[[90mstdout^[[2m | src/lib/exporter/gifExporter.browser.test.ts^[[2m > ^[[22m^[[2mGifExporter (real browser)^[[2m > ^[[22m^[[2mexports a valid GIF blob from a real video
Test	Run npm run test:browser	2026-09-08T00:09:00.2371730Z ^[[22m^[[39m[GifExporter] Using streaming decode (web-demuxer + VideoDecoder)
Test	Run npm run test:browser	2026-09-08T00:09:00.2515451Z ^[[90mstdout^[[2m | src/lib/exporter/gifExporter.browser.test.ts^[[2m > ^[[22m^[[2mGifExporter (real browser)^[[2m > ^[[22m^[[2mexports a valid GIF blob from a real video
Test	Run npm run test:browser	2026-09-08T00:09:00.2520354Z ^[[22m^[[39m[StreamingVideoDecoder] decoderConfig.codec: vp09.01.30.08.03.02.02.00.01
Test	Run npm run test:browser	2026-09-08T00:09:00.2522695Z ^[[90mstdout^[[2m | src/lib/exporter/gifExporter.browser.test.ts^[[2m > ^[[22m^[[2mGifExporter (real browser)^[[2m > ^[[22m^[[2mexports a valid GIF blob from a real video
Test	Run npm run test:browser	2026-09-08T00:09:00.2527053Z ^[[22m^[[39m[StreamingVideoDecoder] decoderConfig.description: undefined
Test	Run npm run test:browser	2026-09-08T00:09:00.2534780Z ^[[90mstdout^[[2m | src/lib/exporter/gifExporter.browser.test.ts^[[2m > ^[[22m^[[2mGifExporter (real browser)^[[2m > ^[[22m^[[2mexports a valid GIF blob from a real video
Test	Run npm run test:browser	2026-09-08T00:09:00.2548442Z ^[[22m^[[39m[StreamingVideoDecoder] isConfigSupported for "vp09.01.30.08.03.02.02.00.01": true
Test	Run npm run test:browser	2026-09-08T00:09:03.9760947Z ^[[90mstdout^[[2m | src/lib/exporter/gifExporter.browser.test.ts^[[2m > ^[[22m^[[2mGifExporter (real browser)^[[2m > ^[[22m^[[2mexports successfully with an image wallpaper (served by Vite dev server)
Test	Run npm run test:browser	2026-09-08T00:09:03.9774591Z ^[[22m^[[39m[GifExporter] Original duration: 2 s
Test	Run npm run test:browser	2026-09-08T00:09:03.9777227Z ^[[90mstdout^[[2m | src/lib/exporter/gifExporter.browser.test.ts^[[2m > ^[[22m^[[2mGifExporter (real browser)^[[2m > ^[[22m^[[2mexports successfully with an image wallpaper (served by Vite dev server)
Test	Run npm run test:browser	2026-09-08T00:09:03.9779261Z ^[[22m^[[39m[GifExporter] Effective duration: 2 s
Test	Run npm run test:browser	2026-09-08T00:09:03.9781778Z ^[[90mstdout^[[2m | src/lib/exporter/gifExporter.browser.test.ts^[[2m > ^[[22m^[[2mGifExporter (real browser)^[[2m > ^[[22m^[[2mexports successfully with an image wallpaper (served by Vite dev server)
Test	Run npm run test:browser	2026-09-08T00:09:03.9783727Z ^[[22m^[[39m[GifExporter] Total frames to export: 30
Test	Run npm run test:browser	2026-09-08T00:09:03.9786250Z ^[[90mstdout^[[2m | src/lib/exporter/gifExporter.browser.test.ts^[[2m > ^[[22m^[[2mGifExporter (real browser)^[[2m > ^[[22m^[[2mexports successfully with an image wallpaper (served by Vite dev server)
Test	Run npm run test:browser	2026-09-08T00:09:03.9788450Z ^[[22m^[[39m[GifExporter] Frame rate: 15 FPS
Test	Run npm run test:browser	2026-09-08T00:09:03.9791847Z ^[[90mstdout^[[2m | src/lib/exporter/gifExporter.browser.test.ts^[[2m > ^[[22m^[[2mGifExporter (real browser)^[[2m > ^[[22m^[[2mexports successfully with an image wallpaper (served by Vite dev server)
Test	Run npm run test:browser	2026-09-08T00:09:03.9794087Z ^[[22m^[[39m[GifExporter] Frame delay: 67 ms
Test	Run npm run test:browser	2026-09-08T00:09:03.9796552Z ^[[90mstdout^[[2m | src/lib/exporter/gifExporter.browser.test.ts^[[2m > ^[[22m^[[2mGifExporter (real browser)^[[2m > ^[[22m^[[2mexports successfully with an image wallpaper (served by Vite dev server)
Test	Run npm run test:browser	2026-09-08T00:09:03.9798559Z ^[[22m^[[39m[GifExporter] Loop: infinite
Test	Run npm run test:browser	2026-09-08T00:09:03.9801705Z ^[[90mstdout^[[2m | src/lib/exporter/gifExporter.browser.test.ts^[[2m > ^[[22m^[[2mGifExporter (real browser)^[[2m > ^[[22m^[[2mexports successfully with an image wallpaper (served by Vite dev server)
Test	Run npm run test:browser	2026-09-08T00:09:03.9804291Z ^[[22m^[[39m[GifExporter] Using streaming decode (web-demuxer + VideoDecoder)
Test	Run npm run test:browser	2026-09-08T00:09:04.1059589Z ^[[90mstdout^[[2m | src/lib/exporter/gifExporter.browser.test.ts^[[2m > ^[[22m^[[2mGifExporter (real browser)^[[2m > ^[[22m^[[2mexports successfully with an image wallpaper (served by Vite dev server)
Test	Run npm run test:browser	2026-09-08T00:09:04.1069952Z ^[[22m^[[39m[StreamingVideoDecoder] decoderConfig.codec: vp09.01.30.08.03.02.02.00.01
Test	Run npm run test:browser	2026-09-08T00:09:04.1076052Z ^[[90mstdout^[[2m | src/lib/exporter/gifExporter.browser.test.ts^[[2m > ^[[22m^[[2mGifExporter (real browser)^[[2m > ^[[22m^[[2mexports successfully with an image wallpaper (served by Vite dev server)
Test	Run npm run test:browser	2026-09-08T00:09:04.1087981Z ^[[22m^[[39m[StreamingVideoDecoder] decoderConfig.description: undefined
Test	Run npm run test:browser	2026-09-08T00:09:04.1090506Z ^[[90mstdout^[[2m | src/lib/exporter/gifExporter.browser.test.ts^[[2m > ^[[22m^[[2mGifExporter (real browser)^[[2m > ^[[22m^[[2mexports successfully with an image wallpaper (served by Vite dev server)
Test	Run npm run test:browser	2026-09-08T00:09:04.1092846Z ^[[22m^[[39m[StreamingVideoDecoder] isConfigSupported for "vp09.01.30.08.03.02.02.00.01": true
Test	Run npm run test:browser	2026-09-08T00:09:07.9554018Z  ^[[32m✓^[[39m ^[[30m^[[43m chromium ^[[49m^[[39m src/lib/exporter/gifExporter.browser.test.ts ^[[2m(^[[22m^[[2m3 tests^[[22m^[[2m)^[[22m^[[33m 7873^[[2mms^[[22m^[[39m
Test	Run npm run test:browser	2026-09-08T00:09:07.9556268Z      ^[[33m^[[2m✓^[[22m^[[39m exports a valid GIF blob from a real video ^[[33m 3768^[[2mms^[[22m^[[39m
Test	Run npm run test:browser	2026-09-08T00:09:07.9557423Z      ^[[33m^[[2m✓^[[22m^[[39m exports successfully with an image wallpaper (served by Vite dev server) ^[[33m 3980^[[2mms^[[22m^[[39m
Test	Run npm run test:browser	2026-09-08T00:09:09.8116055Z ^[[90mstderr^[[2m | src/lib/exporter/videoExporter.browser.test.ts^[[2m > ^[[22m^[[2mVideoExporter (real browser)^[[2m > ^[[22m^[[2mexports a valid MP4 blob from a real video
Test	Run npm run test:browser	2026-09-08T00:09:09.8180953Z ^[[22m^[[39mFailed to get platform from Electron, falling back to navigator: [TypeError: Cannot read properties of undefined (reading 'getPlatform')]
Test	Run npm run test:browser	2026-09-08T00:09:09.9838974Z ^[[90mstdout^[[2m | src/lib/exporter/videoExporter.browser.test.ts^[[2m > ^[[22m^[[2mVideoExporter (real browser)^[[2m > ^[[22m^[[2mexports a valid MP4 blob from a real video
Test	Run npm run test:browser	2026-09-08T00:09:09.9842265Z ^[[22m^[[39m[VideoExporter] source-copy fast path disabled {
Test	Run npm run test:browser	2026-09-08T00:09:09.9860313Z   "blockers": [
Test	Run npm run test:browser	2026-09-08T00:09:09.9861484Z     "output-size 320x180 differs from source 640x480",
Test	Run npm run test:browser	2026-09-08T00:09:09.9863573Z   ],
Test	Run npm run test:browser	2026-09-08T00:09:09.9864084Z   "output": {
Test	Run npm run test:browser	2026-09-08T00:09:09.9866676Z     "height": 180,
Test	Run npm run test:browser	2026-09-08T00:09:09.9868157Z     "width": 320,
Test	Run npm run test:browser	2026-09-08T00:09:09.9870061Z   },
Test	Run npm run test:browser	2026-09-08T00:09:09.9933261Z   "source": {
Test	Run npm run test:browser	2026-09-08T00:09:09.9933706Z     "audioCodec": undefined,
Test	Run npm run test:browser	2026-09-08T00:09:09.9934254Z     "codec": "vp09.01.30.08.03.02.02.00.01",
Test	Run npm run test:browser	2026-09-08T00:09:09.9934735Z     "duration": 2,
Test	Run npm run test:browser	2026-09-08T00:09:09.9935104Z     "frameRate": 15,
Test	Run npm run test:browser	2026-09-08T00:09:09.9935499Z     "hasAudio": false,
Test	Run npm run test:browser	2026-09-08T00:09:09.9936241Z     "height": 480,
Test	Run npm run test:browser	2026-09-08T00:09:09.9936661Z     "streamDuration": 2,
Test	Run npm run test:browser	2026-09-08T00:09:09.9937063Z     "width": 640,
Test	Run npm run test:browser	2026-09-08T00:09:09.9937399Z   },
Test	Run npm run test:browser	2026-09-08T00:09:09.9937714Z }
Test	Run npm run test:browser	2026-09-08T00:09:10.0508363Z ^[[90mstderr^[[2m | src/lib/exporter/videoExporter.browser.test.ts^[[2m > ^[[22m^[[2mVideoExporter (real browser)^[[2m > ^[[22m^[[2mexports a valid MP4 blob from a real video
Test	Run npm run test:browser	2026-09-08T00:09:10.0567839Z ^[[22m^[[39m    at FrameRenderer.initialize (http://localhost:63315/src/lib/exporter/frameRenderer.ts:135:26)
Test	Run npm run test:browser	2026-09-08T00:09:10.0657473Z     at async VideoExporter.exportWithEncoderPreference (http://localhost:63315/src/lib/exporter/videoExporter.ts:204:7)
Test	Run npm run test:browser	2026-09-08T00:09:10.0717184Z     at async VideoExporter.export (http://localhost:63315/src/lib/exporter/videoExporter.ts:105:16)
Test	Run npm run test:browser	2026-09-08T00:09:10.0777489Z     at async http://localhost:63315/home/runner/work/showhow/showhow/src/lib/exporter/videoExporter.browser.test.ts?import&browserv=1788826149591:22:20
Test	Run npm run test:browser	2026-09-08T00:09:10.0837291Z     at async http://localhost:63315/node_modules/@vitest/runner/dist/chunk-artifact.js?v=c11baef4:1903:20
Test	Run npm run test:browser	2026-09-08T00:09:10.0894598Z ^[[90mstderr^[[2m | src/lib/exporter/videoExporter.browser.test.ts^[[2m > ^[[22m^[[2mVideoExporter (real browser)^[[2m > ^[[22m^[[2mexports a valid MP4 blob from a real video
Test	Run npm run test:browser	2026-09-08T00:09:10.0927389Z ^[[22m^[[39m    at FrameRenderer.initialize (http://localhost:63315/src/lib/exporter/frameRenderer.ts:136:29)
Test	Run npm run test:browser	2026-09-08T00:09:10.0929312Z     at async VideoExporter.exportWithEncoderPreference (http://localhost:63315/src/lib/exporter/videoExporter.ts:204:7)
Test	Run npm run test:browser	2026-09-08T00:09:10.0956982Z     at async VideoExporter.export (http://localhost:63315/src/lib/exporter/videoExporter.ts:105:16)
Test	Run npm run test:browser	2026-09-08T00:09:10.0987300Z     at async http://localhost:63315/home/runner/work/showhow/showhow/src/lib/exporter/videoExporter.browser.test.ts?import&browserv=1788826149591:22:20
Test	Run npm run test:browser	2026-09-08T00:09:10.1017027Z     at async http://localhost:63315/node_modules/@vitest/runner/dist/chunk-artifact.js?v=c11baef4:1903:20
Test	Run npm run test:browser	2026-09-08T00:09:10.1019471Z ^[[90mstderr^[[2m | src/lib/exporter/videoExporter.browser.test.ts^[[2m > ^[[22m^[[2mVideoExporter (real browser)^[[2m > ^[[22m^[[2mexports a valid MP4 blob from a real video
Test	Run npm run test:browser	2026-09-08T00:09:10.1021907Z ^[[22m^[[39m[VideoExporter] prefer-hardware export attempt failed: [Error: Hardware video encoding is not supported on this system.]
Test	Run npm run test:browser	2026-09-08T00:09:10.3053739Z ^[[90mstdout^[[2m | src/lib/exporter/videoExporter.browser.test.ts^[[2m > ^[[22m^[[2mVideoExporter (real browser)^[[2m > ^[[22m^[[2mexports a valid MP4 blob from a real video
Test	Run npm run test:browser	2026-09-08T00:09:10.3116961Z ^[[22m^[[39m[VideoExporter] source-copy fast path disabled {
Test	Run npm run test:browser	2026-09-08T00:09:10.3176535Z   "blockers": [
Test	Run npm run test:browser	2026-09-08T00:09:10.3224113Z     "output-size 320x180 differs from source 640x480",
Test	Run npm run test:browser	2026-09-08T00:09:10.3225113Z   ],
Test	Run npm run test:browser	2026-09-08T00:09:10.3237603Z   "output": {
Test	Run npm run test:browser	2026-09-08T00:09:10.3238306Z     "height": 180,
Test	Run npm run test:browser	2026-09-08T00:09:10.3239661Z     "width": 320,
Test	Run npm run test:browser	2026-09-08T00:09:10.3266451Z   },
Test	Run npm run test:browser	2026-09-08T00:09:10.3302884Z   "source": {
Test	Run npm run test:browser	2026-09-08T00:09:10.3326417Z     "audioCodec": undefined,
Test	Run npm run test:browser	2026-09-08T00:09:10.3402519Z     "codec": "vp09.01.30.08.03.02.02.00.01",
Test	Run npm run test:browser	2026-09-08T00:09:10.3426405Z     "duration": 2,
Test	Run npm run test:browser	2026-09-08T00:09:10.3466518Z     "frameRate": 15,
Test	Run npm run test:browser	2026-09-08T00:09:10.3485535Z     "hasAudio": false,
Test	Run npm run test:browser	2026-09-08T00:09:10.3494047Z     "height": 480,
Test	Run npm run test:browser	2026-09-08T00:09:10.3494715Z     "streamDuration": 2,
Test	Run npm run test:browser	2026-09-08T00:09:10.3495380Z     "width": 640,
Test	Run npm run test:browser	2026-09-08T00:09:10.3496157Z   },
Test	Run npm run test:browser	2026-09-08T00:09:10.3496748Z }
Test	Run npm run test:browser	2026-09-08T00:09:10.3805556Z ^[[90mstdout^[[2m | src/lib/exporter/videoExporter.browser.test.ts^[[2m > ^[[22m^[[2mVideoExporter (real browser)^[[2m > ^[[22m^[[2mexports a valid MP4 blob from a real video
Test	Run npm run test:browser	2026-09-08T00:09:10.3900495Z ^[[22m^[[39m[VideoExporter] Using software acceleration
Test	Run npm run test:browser	2026-09-08T00:09:10.4294778Z ^[[90mstdout^[[2m | src/lib/exporter/videoExporter.browser.test.ts^[[2m > ^[[22m^[[2mVideoExporter (real browser)^[[2m > ^[[22m^[[2mexports a valid MP4 blob from a real video
Test	Run npm run test:browser	2026-09-08T00:09:10.4321918Z ^[[22m^[[39m[StreamingVideoDecoder] decoderConfig.codec: vp09.01.30.08.03.02.02.00.01
Test	Run npm run test:browser	2026-09-08T00:09:10.4377847Z ^[[90mstdout^[[2m | src/lib/exporter/videoExporter.browser.test.ts^[[2m > ^[[22m^[[2mVideoExporter (real browser)^[[2m > ^[[22m^[[2mexports a valid MP4 blob from a real video
Test	Run npm run test:browser	2026-09-08T00:09:10.4427066Z ^[[22m^[[39m[StreamingVideoDecoder] decoderConfig.description: undefined
Test	Run npm run test:browser	2026-09-08T00:09:10.4477817Z ^[[90mstdout^[[2m | src/lib/exporter/videoExporter.browser.test.ts^[[2m > ^[[22m^[[2mVideoExporter (real browser)^[[2m > ^[[22m^[[2mexports a valid MP4 blob from a real video
Test	Run npm run test:browser	2026-09-08T00:09:10.4533722Z ^[[22m^[[39m[StreamingVideoDecoder] isConfigSupported for "vp09.01.30.08.03.02.02.00.01": true
Test	Run npm run test:browser	2026-09-08T00:09:11.9357098Z ^[[33m
Test	Run npm run test:browser	2026-09-08T00:09:11.9361801Z ^[[2m12:09:11 AM^[[22m ^[[36m^[[1m[vite]^[[22m^[[39m ^[[90m^[[2m(client)^[[22m^[[39m ^[[32m✨ new dependencies optimized: ^[[33mreact/jsx-dev-runtime, react, react-dom/client, @radix-ui/react-tooltip, @tiptap/react, @tiptap/starter-kit, react-icons/md, lucide-react, react-dom, react-icons/bs, react-icons/fa, react-icons/fa6, react-icons/fi, react-icons/rx, sonner, clsx, tailwind-merge, @radix-ui/react-slot, class-variance-authority, @radix-ui/react-tabs, @fix-webm-duration/fix^[[32m^[[39m
Test	Run npm run test:browser	2026-09-08T00:09:11.9366807Z ^[[2m12:09:11 AM^[[22m ^[[36m^[[1m[vite]^[[22m^[[39m ^[[90m^[[2m(client)^[[22m^[[39m ^[[32m✨ optimized dependencies changed. reloading^[[39m
Test	Run npm run test:browser	2026-09-08T00:09:11.9380829Z ^[[1m[vitest]^[[22m Vite unexpectedly reloaded a test. This may cause tests to fail, lead to flaky behaviour or duplicated test runs.
Test	Run npm run test:browser	2026-09-08T00:09:11.9407654Z ^[[39m^[[33mFor a stable experience, please add mentioned dependencies to your config's ^[[1m`optimizeDeps.include`^[[22m field manually.
Test	Run npm run test:browser	2026-09-08T00:09:11.9409822Z 
Test	Run npm run test:browser	2026-09-08T00:09:11.9436654Z ^[[39m
Test	Run npm run test:browser	2026-09-08T00:09:13.4251245Z ^[[90mstdout^[[2m | src/lib/exporter/videoExporter.browser.test.ts^[[2m > ^[[22m^[[2mVideoExporter (real browser)^[[2m > ^[[22m^[[2mexports successfully with an image wallpaper (served by Vite dev server)
Test	Run npm run test:browser	2026-09-08T00:09:13.4254967Z ^[[22m^[[39m[VideoExporter] source-copy fast path disabled {
Test	Run npm run test:browser	2026-09-08T00:09:13.4256103Z   "blockers": [
Test	Run npm run test:browser	2026-09-08T00:09:13.4256946Z     "output-size 320x180 differs from source 640x480",
Test	Run npm run test:browser	2026-09-08T00:09:13.4258817Z   ],
Test	Run npm run test:browser	2026-09-08T00:09:13.4260176Z   "output": {
Test	Run npm run test:browser	2026-09-08T00:09:13.4260805Z     "height": 180,
Test	Run npm run test:browser	2026-09-08T00:09:13.4261175Z     "width": 320,
Test	Run npm run test:browser	2026-09-08T00:09:13.4261509Z   },
Test	Run npm run test:browser	2026-09-08T00:09:13.4261706Z   "source": {
Test	Run npm run test:browser	2026-09-08T00:09:13.4261947Z     "audioCodec": undefined,
Test	Run npm run test:browser	2026-09-08T00:09:13.4262250Z     "codec": "vp09.01.30.08.03.02.02.00.01",
Test	Run npm run test:browser	2026-09-08T00:09:13.4262540Z     "duration": 2,
Test	Run npm run test:browser	2026-09-08T00:09:13.4262757Z     "frameRate": 15,
Test	Run npm run test:browser	2026-09-08T00:09:13.4262973Z     "hasAudio": false,
Test	Run npm run test:browser	2026-09-08T00:09:13.4263184Z     "height": 480,
Test	Run npm run test:browser	2026-09-08T00:09:13.4263409Z     "streamDuration": 2,
Test	Run npm run test:browser	2026-09-08T00:09:13.4263920Z     "width": 640,
Test	Run npm run test:browser	2026-09-08T00:09:13.4264118Z   },
Test	Run npm run test:browser	2026-09-08T00:09:13.4264307Z }
Test	Run npm run test:browser	2026-09-08T00:09:13.4561379Z ^[[90mstderr^[[2m | src/lib/exporter/videoExporter.browser.test.ts^[[2m > ^[[22m^[[2mVideoExporter (real browser)^[[2m > ^[[22m^[[2mexports successfully with an image wallpaper (served by Vite dev server)
Test	Run npm run test:browser	2026-09-08T00:09:13.4563570Z ^[[22m^[[39m[VideoExporter] prefer-hardware export attempt failed: [Error: Hardware video encoding is not supported on this system.]
Test	Run npm run test:browser	2026-09-08T00:09:13.6626193Z ^[[90mstdout^[[2m | src/lib/exporter/videoExporter.browser.test.ts^[[2m > ^[[22m^[[2mVideoExporter (real browser)^[[2m > ^[[22m^[[2mexports successfully with an image wallpaper (served by Vite dev server)
Test	Run npm run test:browser	2026-09-08T00:09:13.6627380Z ^[[22m^[[39m[VideoExporter] source-copy fast path disabled {
Test	Run npm run test:browser	2026-09-08T00:09:13.6627741Z   "blockers": [
Test	Run npm run test:browser	2026-09-08T00:09:13.6628043Z     "output-size 320x180 differs from source 640x480",
Test	Run npm run test:browser	2026-09-08T00:09:13.6628347Z   ],
Test	Run npm run test:browser	2026-09-08T00:09:13.6628547Z   "output": {
Test	Run npm run test:browser	2026-09-08T00:09:13.6628770Z     "height": 180,
Test	Run npm run test:browser	2026-09-08T00:09:13.6628986Z     "width": 320,
Test	Run npm run test:browser	2026-09-08T00:09:13.6629192Z   },
Test	Run npm run test:browser	2026-09-08T00:09:13.6629386Z   "source": {
Test	Run npm run test:browser	2026-09-08T00:09:13.6629612Z     "audioCodec": undefined,
Test	Run npm run test:browser	2026-09-08T00:09:13.6630162Z     "codec": "vp09.01.30.08.03.02.02.00.01",
Test	Run npm run test:browser	2026-09-08T00:09:13.6630504Z     "duration": 2,
Test	Run npm run test:browser	2026-09-08T00:09:13.6630720Z     "frameRate": 15,
Test	Run npm run test:browser	2026-09-08T00:09:13.6630942Z     "hasAudio": false,
Test	Run npm run test:browser	2026-09-08T00:09:13.6631159Z     "height": 480,
Test	Run npm run test:browser	2026-09-08T00:09:13.6631382Z     "streamDuration": 2,
Test	Run npm run test:browser	2026-09-08T00:09:13.6631611Z     "width": 640,
Test	Run npm run test:browser	2026-09-08T00:09:13.6631999Z   },
Test	Run npm run test:browser	2026-09-08T00:09:13.6632590Z }
Test	Run npm run test:browser	2026-09-08T00:09:13.7000510Z ^[[90mstdout^[[2m | src/lib/exporter/videoExporter.browser.test.ts^[[2m > ^[[22m^[[2mVideoExporter (real browser)^[[2m > ^[[22m^[[2mexports successfully with an image wallpaper (served by Vite dev server)
Test	Run npm run test:browser	2026-09-08T00:09:13.7002431Z ^[[22m^[[39m[VideoExporter] Using software acceleration
Test	Run npm run test:browser	2026-09-08T00:09:13.7064586Z ^[[90mstdout^[[2m | src/lib/exporter/videoExporter.browser.test.ts^[[2m > ^[[22m^[[2mVideoExporter (real browser)^[[2m > ^[[22m^[[2mexports successfully with an image wallpaper (served by Vite dev server)
Test	Run npm run test:browser	2026-09-08T00:09:13.7067655Z ^[[22m^[[39m[StreamingVideoDecoder] decoderConfig.codec: vp09.01.30.08.03.02.02.00.01
Test	Run npm run test:browser	2026-09-08T00:09:13.7070281Z ^[[90mstdout^[[2m | src/lib/exporter/videoExporter.browser.test.ts^[[2m > ^[[22m^[[2mVideoExporter (real browser)^[[2m > ^[[22m^[[2mexports successfully with an image wallpaper (served by Vite dev server)
Test	Run npm run test:browser	2026-09-08T00:09:13.7072342Z ^[[22m^[[39m[StreamingVideoDecoder] decoderConfig.description: undefined
Test	Run npm run test:browser	2026-09-08T00:09:13.7074788Z ^[[90mstdout^[[2m | src/lib/exporter/videoExporter.browser.test.ts^[[2m > ^[[22m^[[2mVideoExporter (real browser)^[[2m > ^[[22m^[[2mexports successfully with an image wallpaper (served by Vite dev server)
Test	Run npm run test:browser	2026-09-08T00:09:13.7077467Z ^[[22m^[[39m[StreamingVideoDecoder] isConfigSupported for "vp09.01.30.08.03.02.02.00.01": true
Test	Run npm run test:browser	2026-09-08T00:09:15.6959463Z ^[[90mstdout^[[2m | src/lib/exporter/videoExporter.browser.test.ts^[[2m > ^[[22m^[[2mVideoExporter (real browser)^[[2m > ^[[22m^[[2mthrows BackgroundLoadError when wallpaper fails to load (no silent black fallback)
Test	Run npm run test:browser	2026-09-08T00:09:15.6967165Z ^[[22m^[[39m[VideoExporter] source-copy fast path disabled {
Test	Run npm run test:browser	2026-09-08T00:09:15.6968119Z   "blockers": [
Test	Run npm run test:browser	2026-09-08T00:09:15.6968822Z     "output-size 320x180 differs from source 640x480",
Test	Run npm run test:browser	2026-09-08T00:09:15.6969519Z   ],
Test	Run npm run test:browser	2026-09-08T00:09:15.6970011Z   "output": {
Test	Run npm run test:browser	2026-09-08T00:09:15.6970537Z     "height": 180,
Test	Run npm run test:browser	2026-09-08T00:09:15.6971064Z     "width": 320,
Test	Run npm run test:browser	2026-09-08T00:09:15.6971564Z   },
Test	Run npm run test:browser	2026-09-08T00:09:15.6972046Z   "source": {
Test	Run npm run test:browser	2026-09-08T00:09:15.6972632Z     "audioCodec": undefined,
Test	Run npm run test:browser	2026-09-08T00:09:15.6973321Z     "codec": "vp09.01.30.08.03.02.02.00.01",
Test	Run npm run test:browser	2026-09-08T00:09:15.6973987Z     "duration": 2,
Test	Run npm run test:browser	2026-09-08T00:09:15.6974542Z     "frameRate": 15,
Test	Run npm run test:browser	2026-09-08T00:09:15.6975103Z     "hasAudio": false,
Test	Run npm run test:browser	2026-09-08T00:09:15.6975656Z     "height": 480,
Test	Run npm run test:browser	2026-09-08T00:09:15.6976499Z     "streamDuration": 2,
Test	Run npm run test:browser	2026-09-08T00:09:15.6977479Z     "width": 640,
Test	Run npm run test:browser	2026-09-08T00:09:15.6978040Z   },
Test	Run npm run test:browser	2026-09-08T00:09:15.6978533Z }
Test	Run npm run test:browser	2026-09-08T00:09:15.8024283Z  ^[[32m✓^[[39m ^[[30m^[[43m chromium ^[[49m^[[39m src/lib/exporter/videoExporter.browser.test.ts ^[[2m(^[[22m^[[2m3 tests^[[22m^[[2m)^[[22m^[[33m 5911^[[2mms^[[22m^[[39m
Test	Run npm run test:browser	2026-09-08T00:09:15.8047096Z      ^[[33m^[[2m✓^[[22m^[[39m exports a valid MP4 blob from a real video ^[[33m 3518^[[2mms^[[22m^[[39m
Test	Run npm run test:browser	2026-09-08T00:09:15.8070857Z      ^[[33m^[[2m✓^[[22m^[[39m exports successfully with an image wallpaper (served by Vite dev server) ^[[33m 2272^[[2mms^[[22m^[[39m
Test	Run npm run test:browser	2026-09-08T00:09:16.8703540Z ^[[90mstderr^[[2m | src/lib/exporter/mp4Bitrate.browser.test.ts^[[2m > ^[[22m^[[2mreduces scrolling UI bytes against a paired legacy encoder control
Test	Run npm run test:browser	2026-09-08T00:09:16.8705306Z ^[[22m^[[39mFailed to get platform from Electron, falling back to navigator: [TypeError: Cannot read properties of undefined (reading 'getPlatform')]
Test	Run npm run test:browser	2026-09-08T00:09:17.0177955Z ^[[90mstdout^[[2m | src/lib/exporter/mp4Bitrate.browser.test.ts^[[2m > ^[[22m^[[2mreduces scrolling UI bytes against a paired legacy encoder control
Test	Run npm run test:browser	2026-09-08T00:09:17.0178974Z ^[[22m^[[39m[VideoExporter] source-copy fast path disabled {
Test	Run npm run test:browser	2026-09-08T00:09:17.0179318Z   "blockers": [
Test	Run npm run test:browser	2026-09-08T00:09:17.0179560Z     "padding is not zero",
Test	Run npm run test:browser	2026-09-08T00:09:17.0179786Z   ],
Test	Run npm run test:browser	2026-09-08T00:09:17.0179969Z   "output": {
Test	Run npm run test:browser	2026-09-08T00:09:17.0180176Z     "height": 1080,
Test	Run npm run test:browser	2026-09-08T00:09:17.0180385Z     "width": 1920,
Test	Run npm run test:browser	2026-09-08T00:09:17.0180584Z   },
Test	Run npm run test:browser	2026-09-08T00:09:17.0180760Z   "source": {
Test	Run npm run test:browser	2026-09-08T00:09:17.0180994Z     "audioCodec": "mp4a.40.2",
Test	Run npm run test:browser	2026-09-08T00:09:17.0181252Z     "codec": "avc1.42c02a",
Test	Run npm run test:browser	2026-09-08T00:09:17.0181742Z     "duration": 3,
Test	Run npm run test:browser	2026-09-08T00:09:17.0181950Z     "frameRate": 60,
Test	Run npm run test:browser	2026-09-08T00:09:17.0182166Z     "hasAudio": true,
Test	Run npm run test:browser	2026-09-08T00:09:17.0182375Z     "height": 1080,
Test	Run npm run test:browser	2026-09-08T00:09:17.0182592Z     "streamDuration": 3,
Test	Run npm run test:browser	2026-09-08T00:09:17.0182814Z     "width": 1920,
Test	Run npm run test:browser	2026-09-08T00:09:17.0183003Z   },
Test	Run npm run test:browser	2026-09-08T00:09:17.0183182Z }
Test	Run npm run test:browser	2026-09-08T00:09:17.0633018Z ^[[90mstderr^[[2m | src/lib/exporter/mp4Bitrate.browser.test.ts^[[2m > ^[[22m^[[2mreduces scrolling UI bytes against a paired legacy encoder control
Test	Run npm run test:browser	2026-09-08T00:09:17.0635623Z ^[[22m^[[39m    at FrameRenderer.initialize (http://localhost:63315/src/lib/exporter/frameRenderer.ts:135:26)
Test	Run npm run test:browser	2026-09-08T00:09:17.0638194Z     at async VideoExporter.exportWithEncoderPreference (http://localhost:63315/src/lib/exporter/videoExporter.ts:204:7)
Test	Run npm run test:browser	2026-09-08T00:09:17.0639822Z     at async VideoExporter.export (http://localhost:63315/src/lib/exporter/videoExporter.ts:105:16)
Test	Run npm run test:browser	2026-09-08T00:09:17.0641673Z     at async http://localhost:63315/home/runner/work/showhow/showhow/src/lib/exporter/mp4Bitrate.browser.test.ts?import&browserv=1788826156392:15:20
Test	Run npm run test:browser	2026-09-08T00:09:17.0643406Z     at async http://localhost:63315/node_modules/@vitest/runner/dist/chunk-artifact.js?v=29ff0419:1903:20
Test	Run npm run test:browser	2026-09-08T00:09:17.0645181Z ^[[90mstderr^[[2m | src/lib/exporter/mp4Bitrate.browser.test.ts^[[2m > ^[[22m^[[2mreduces scrolling UI bytes against a paired legacy encoder control
Test	Run npm run test:browser	2026-09-08T00:09:17.0647139Z ^[[22m^[[39m    at FrameRenderer.initialize (http://localhost:63315/src/lib/exporter/frameRenderer.ts:136:29)
Test	Run npm run test:browser	2026-09-08T00:09:17.0648754Z     at async VideoExporter.exportWithEncoderPreference (http://localhost:63315/src/lib/exporter/videoExporter.ts:204:7)
Test	Run npm run test:browser	2026-09-08T00:09:17.0650316Z     at async VideoExporter.export (http://localhost:63315/src/lib/exporter/videoExporter.ts:105:16)
Test	Run npm run test:browser	2026-09-08T00:09:17.0652053Z     at async http://localhost:63315/home/runner/work/showhow/showhow/src/lib/exporter/mp4Bitrate.browser.test.ts?import&browserv=1788826156392:15:20
Test	Run npm run test:browser	2026-09-08T00:09:17.0653756Z     at async http://localhost:63315/node_modules/@vitest/runner/dist/chunk-artifact.js?v=29ff0419:1903:20
Test	Run npm run test:browser	2026-09-08T00:09:17.0737966Z ^[[90mstderr^[[2m | src/lib/exporter/mp4Bitrate.browser.test.ts^[[2m > ^[[22m^[[2mreduces scrolling UI bytes against a paired legacy encoder control
Test	Run npm run test:browser	2026-09-08T00:09:17.0740402Z ^[[22m^[[39m[VideoExporter] prefer-hardware export attempt failed: [Error: Hardware video encoding is not supported on this system.]
Test	Run npm run test:browser	2026-09-08T00:09:17.2156855Z ^[[90mstdout^[[2m | src/lib/exporter/mp4Bitrate.browser.test.ts^[[2m > ^[[22m^[[2mreduces scrolling UI bytes against a paired legacy encoder control
Test	Run npm run test:browser	2026-09-08T00:09:17.2158731Z ^[[22m^[[39m[VideoExporter] source-copy fast path disabled {
Test	Run npm run test:browser	2026-09-08T00:09:17.2159373Z   "blockers": [
Test	Run npm run test:browser	2026-09-08T00:09:17.2159765Z     "padding is not zero",
Test	Run npm run test:browser	2026-09-08T00:09:17.2160180Z   ],
Test	Run npm run test:browser	2026-09-08T00:09:17.2160501Z   "output": {
Test	Run npm run test:browser	2026-09-08T00:09:17.2160856Z     "height": 1080,
Test	Run npm run test:browser	2026-09-08T00:09:17.2161252Z     "width": 1920,
Test	Run npm run test:browser	2026-09-08T00:09:17.2161606Z   },
Test	Run npm run test:browser	2026-09-08T00:09:17.2161957Z   "source": {
Test	Run npm run test:browser	2026-09-08T00:09:17.2162382Z     "audioCodec": "mp4a.40.2",
Test	Run npm run test:browser	2026-09-08T00:09:17.2162841Z     "codec": "avc1.42c02a",
Test	Run npm run test:browser	2026-09-08T00:09:17.2163264Z     "duration": 3,
Test	Run npm run test:browser	2026-09-08T00:09:17.2163649Z     "frameRate": 60,
Test	Run npm run test:browser	2026-09-08T00:09:17.2164033Z     "hasAudio": true,
Test	Run npm run test:browser	2026-09-08T00:09:17.2164433Z     "height": 1080,
Test	Run npm run test:browser	2026-09-08T00:09:17.2164828Z     "streamDuration": 3,
Test	Run npm run test:browser	2026-09-08T00:09:17.2165247Z     "width": 1920,
Test	Run npm run test:browser	2026-09-08T00:09:17.2165595Z   },
Test	Run npm run test:browser	2026-09-08T00:09:17.2166179Z }
Test	Run npm run test:browser	2026-09-08T00:09:17.2588324Z ^[[90mstdout^[[2m | src/lib/exporter/mp4Bitrate.browser.test.ts^[[2m > ^[[22m^[[2mreduces scrolling UI bytes against a paired legacy encoder control
Test	Run npm run test:browser	2026-09-08T00:09:17.2593307Z ^[[22m^[[39m[VideoExporter] Using software acceleration
Test	Run npm run test:browser	2026-09-08T00:09:17.2958504Z ^[[90mstdout^[[2m | src/lib/exporter/mp4Bitrate.browser.test.ts^[[2m > ^[[22m^[[2mreduces scrolling UI bytes against a paired legacy encoder control
Test	Run npm run test:browser	2026-09-08T00:09:17.2970495Z ^[[22m^[[39m[StreamingVideoDecoder] decoderConfig.codec: avc1.42c02a
Test	Run npm run test:browser	2026-09-08T00:09:17.2972153Z ^[[90mstdout^[[2m | src/lib/exporter/mp4Bitrate.browser.test.ts^[[2m > ^[[22m^[[2mreduces scrolling UI bytes against a paired legacy encoder control
Test	Run npm run test:browser	2026-09-08T00:09:17.2973608Z ^[[22m^[[39m[StreamingVideoDecoder] decoderConfig.description: Uint8Array [
Test	Run npm run test:browser	2026-09-08T00:09:17.2974362Z   1,
Test	Run npm run test:browser	2026-09-08T00:09:17.2974663Z   66,
Test	Run npm run test:browser	2026-09-08T00:09:17.2974862Z   192,
Test	Run npm run test:browser	2026-09-08T00:09:17.2975240Z   42,
Test	Run npm run test:browser	2026-09-08T00:09:17.2975568Z   255,
Test	Run npm run test:browser	2026-09-08T00:09:17.2976121Z   225,
Test	Run npm run test:browser	2026-09-08T00:09:17.2976461Z   0,
Test	Run npm run test:browser	2026-09-08T00:09:17.2976647Z   24,
Test	Run npm run test:browser	2026-09-08T00:09:17.2976823Z   103,
Test	Run npm run test:browser	2026-09-08T00:09:17.2976995Z   66,
Test	Run npm run test:browser	2026-09-08T00:09:17.2977171Z   192,
Test	Run npm run test:browser	2026-09-08T00:09:17.2977342Z   42,
Test	Run npm run test:browser	2026-09-08T00:09:17.2977510Z   218,
Test	Run npm run test:browser	2026-09-08T00:09:17.2977685Z   1,
Test	Run npm run test:browser	2026-09-08T00:09:17.2977853Z   224,
Test	Run npm run test:browser	2026-09-08T00:09:17.2978025Z   8,
Test	Run npm run test:browser	2026-09-08T00:09:17.2978192Z   159,
Test	Run npm run test:browser	2026-09-08T00:09:17.2978370Z   151,
Test	Run npm run test:browser	2026-09-08T00:09:17.2978538Z   1,
Test	Run npm run test:browser	2026-09-08T00:09:17.2978710Z   16,
Test	Run npm run test:browser	2026-09-08T00:09:17.2978899Z   0,
Test	Run npm run test:browser	2026-09-08T00:09:17.2979066Z   0,
Test	Run npm run test:browser	2026-09-08T00:09:17.2979237Z   3,
Test	Run npm run test:browser	2026-09-08T00:09:17.2979572Z   0,
Test	Run npm run test:browser	2026-09-08T00:09:17.2979872Z   16,
Test	Run npm run test:browser	2026-09-08T00:09:17.2980178Z   0,
Test	Run npm run test:browser	2026-09-08T00:09:17.2980484Z   0,
Test	Run npm run test:browser	2026-09-08T00:09:17.2980797Z   7,
Test	Run npm run test:browser	2026-09-08T00:09:17.2981114Z   128,
Test	Run npm run test:browser	2026-09-08T00:09:17.2981432Z   241,
Test	Run npm run test:browser	2026-09-08T00:09:17.2981733Z   131,
Test	Run npm run test:browser	2026-09-08T00:09:17.2982048Z   42,
Test	Run npm run test:browser	2026-09-08T00:09:17.2982360Z   1,
Test	Run npm run test:browser	2026-09-08T00:09:17.2982646Z   0,
Test	Run npm run test:browser	2026-09-08T00:09:17.2982946Z   5,
Test	Run npm run test:browser	2026-09-08T00:09:17.2983261Z   104,
Test	Run npm run test:browser	2026-09-08T00:09:17.2983571Z   206,
Test	Run npm run test:browser	2026-09-08T00:09:17.2983876Z   2,
Test	Run npm run test:browser	2026-09-08T00:09:17.2984190Z   60,
Test	Run npm run test:browser	2026-09-08T00:09:17.2984500Z   128,
Test	Run npm run test:browser	2026-09-08T00:09:17.2984811Z ]
Test	Run npm run test:browser	2026-09-08T00:09:17.2986481Z ^[[90mstdout^[[2m | src/lib/exporter/mp4Bitrate.browser.test.ts^[[2m > ^[[22m^[[2mreduces scrolling UI bytes against a paired legacy encoder control
Test	Run npm run test:browser	2026-09-08T00:09:17.2988154Z ^[[22m^[[39m[StreamingVideoDecoder] isConfigSupported for "avc1.42c02a": true
Test	Run npm run test:browser	2026-09-08T00:11:23.4870916Z ^[[90mstderr^[[2m | src/lib/exporter/mp4Bitrate.browser.test.ts^[[2m > ^[[22m^[[2mreduces scrolling UI bytes against a paired legacy encoder control
Test	Run npm run test:browser	2026-09-08T00:11:23.4872502Z ^[[22m^[[39m[vitest] Failed to take a screenshot [TimeoutError: locator.screenshot: Timeout 5000ms exceeded.
Test	Run npm run test:browser	2026-09-08T00:11:23.4873407Z Call log:
Test	Run npm run test:browser	2026-09-08T00:11:23.4873818Z   - waiting for locator('[data-vitest="true"]').contentFrame().locator('body')
Test	Run npm run test:browser	2026-09-08T00:11:23.4874496Z ]
Test	Run npm run test:browser	2026-09-08T00:11:27.4308133Z  ^[[31m❯^[[39m ^[[30m^[[43m chromium ^[[49m^[[39m src/lib/exporter/mp4Bitrate.browser.test.ts ^[[2m(^[[22m^[[2m1 test^[[22m^[[2m | ^[[22m^[[31m1 failed^[[39m^[[2m)^[[22m^[[33m 126621^[[2mms^[[22m^[[39m
Test	Run npm run test:browser	2026-09-08T00:11:27.4337785Z ^[[31m   ^[[31m×^[[31m reduces scrolling UI bytes against a paired legacy encoder control^[[39m^[[33m 126620^[[2mms^[[22m^[[39m
Test	Run npm run test:browser	2026-09-08T00:11:35.3781281Z 
Test	Run npm run test:browser	2026-09-08T00:11:35.3782716Z ^[[31m⎯⎯⎯⎯⎯⎯⎯^[[39m^[[1m^[[41m Failed Tests 2 ^[[49m^[[22m^[[31m⎯⎯⎯⎯⎯⎯⎯^[[39m
Test	Run npm run test:browser	2026-09-08T00:11:35.3783552Z 
Test	Run npm run test:browser	2026-09-08T00:11:35.3785289Z ^[[41m^[[1m FAIL ^[[22m^[[49m ^[[30m^[[43m chromium ^[[49m^[[39m src/lib/exporter/mp4Bitrate.browser.test.ts^[[2m > ^[[22mreduces scrolling UI bytes against a paired legacy encoder control
Test	Run npm run test:browser	2026-09-08T00:11:35.3787181Z ^[[31m^[[1mError^[[22m: Test timed out in 120000ms.
Test	Run npm run test:browser	2026-09-08T00:11:35.3788603Z If this is a long-running test, pass a timeout value as the last argument or configure it globally with "testTimeout".^[[39m
Test	Run npm run test:browser	2026-09-08T00:11:35.3790162Z ^[[36m ^[[2m❯^[[22m src/lib/exporter/mp4Bitrate.browser.test.ts:^[[2m7:0^[[22m^[[39m
Test	Run npm run test:browser	2026-09-08T00:11:35.3837640Z     ^[[90m  4|^[[39m ^[[35mimport^[[39m { calculateMp4ExportSettings } ^[[35mfrom^[[39m ^[[32m"./mp4ExportSettings"^[[39m^[[33m;^[[39m
Test	Run npm run test:browser	2026-09-08T00:11:35.3838669Z     ^[[90m  5|^[[39m ^[[35mimport^[[39m { ^[[33mVideoExporter^[[39m } ^[[35mfrom^[[39m ^[[32m"./videoExporter"^[[39m^[[33m;^[[39m
Test	Run npm run test:browser	2026-09-08T00:11:35.3839642Z     ^[[90m  6|^[[39m
Test	Run npm run test:browser	2026-09-08T00:11:35.3840157Z     ^[[90m   |^[[39m ^[[31m^^[[39m
Test	Run npm run test:browser	2026-09-08T00:11:35.3841111Z     ^[[90m  7|^[[39m it("reduces scrolling UI bytes against a paired legacy encoder control…
Test	Run npm run test:browser	2026-09-08T00:11:35.3842901Z     ^[[90m  8|^[[39m  ^[[35mconst^[[39m settings ^[[33m=^[[39m ^[[34mcalculateMp4ExportSettings^[[39m({
Test	Run npm run test:browser	2026-09-08T00:11:35.3843533Z 
Test	Run npm run test:browser	2026-09-08T00:11:35.3843976Z ^[[31m^[[2m⎯⎯⎯⎯⎯⎯⎯⎯⎯⎯⎯⎯⎯⎯⎯⎯⎯⎯⎯⎯⎯⎯⎯⎯[1/2]⎯^[[22m^[[39m
Test	Run npm run test:browser	2026-09-08T00:11:35.3844354Z 
Test	Run npm run test:browser	2026-09-08T00:11:35.3846342Z ^[[41m^[[1m FAIL ^[[22m^[[49m ^[[30m^[[43m chromium ^[[49m^[[39m src/lib/exporter/mp4HighResolution.browser.test.ts^[[2m > ^[[22mpreserves native 4K source-quality text through motion and rejects blurred text
Test	Run npm run test:browser	2026-09-08T00:11:35.3857112Z ^[[31m^[[1mError^[[22m: Test timed out in 180000ms.
Test	Run npm run test:browser	2026-09-08T00:11:35.3858638Z If this is a long-running test, pass a timeout value as the last argument or configure it globally with "testTimeout".^[[39m
Test	Run npm run test:browser	2026-09-08T00:11:35.3860238Z ^[[90m ^[[2m❯^[[22m src/lib/exporter/mp4HighResolution.browser.test.ts:^[[2m58:0^[[22m^[[39m
Test	Run npm run test:browser	2026-09-08T00:11:35.3860860Z 
Test	Run npm run test:browser	2026-09-08T00:11:35.3861298Z ^[[31m^[[2m⎯⎯⎯⎯⎯⎯⎯⎯⎯⎯⎯⎯⎯⎯⎯⎯⎯⎯⎯⎯⎯⎯⎯⎯[2/2]⎯^[[22m^[[39m
Test	Run npm run test:browser	2026-09-08T00:11:35.3861669Z 
Test	Run npm run test:browser	2026-09-08T00:11:35.3861959Z 
Test	Run npm run test:browser	2026-09-08T00:11:35.3897176Z ^[[2m Test Files ^[[22m ^[[1m^[[31m2 failed^[[39m^[[22m^[[2m | ^[[22m^[[1m^[[32m2 passed^[[39m^[[22m^[[2m | ^[[22m^[[33m1 skipped^[[39m^[[90m (5)^[[39m
Test	Run npm run test:browser	2026-09-08T00:11:35.3914783Z ^[[2m      Tests ^[[22m ^[[1m^[[31m2 failed^[[39m^[[22m^[[2m | ^[[22m^[[1m^[[32m7 passed^[[39m^[[22m^[[2m | ^[[22m^[[33m1 skipped^[[39m^[[90m (10)^[[39m
Test	Run npm run test:browser	2026-09-08T00:11:35.3916502Z ^[[2m   Start at ^[[22m 00:04:50
Test	Run npm run test:browser	2026-09-08T00:11:35.3951456Z ^[[2m   Duration ^[[22m 404.79s^[[2m (transform 0ms, setup 0ms, import 1.55s, tests 335.44s, environment 0ms)^[[22m
Test	Run npm run test:browser	2026-09-08T00:11:35.4006066Z 
Test	Run npm run test:browser	2026-09-08T00:11:35.4011344Z 
Test	Run npm run test:browser	2026-09-08T00:11:35.4136983Z ##[error]Error: Test timed out in 120000ms.
Test	Run npm run test:browser	If this is a long-running test, pass a timeout value as the last argument or configure it globally with "testTimeout".
Test	Run npm run test:browser	 ❯ src/lib/exporter/mp4Bitrate.browser.test.ts:7:0
Test	Run npm run test:browser	
Test	Run npm run test:browser	
Test	Run npm run test:browser	2026-09-08T00:11:37.8063024Z ##[error]Process completed with exit code 1.
