
 RUN  v4.1.5 /Users/mohamedb/.herdr/worktrees/showhow/ticket-67-optimize-mp4-size

10:19:10 PM [vite] (client) Re-optimizing dependencies because vite config has changed
The request id "/Users/mohamedb/dev/projects/showhow/node_modules/gif.js/dist/gif.worker.js" is outside of Vite serving allow list.

- /Users/mohamedb/.herdr/worktrees/showhow/ticket-67-optimize-mp4-size/artifacts/67
- /Users/mohamedb/.herdr/worktrees/showhow/ticket-67-optimize-mp4-size
- /Users/mohamedb/dev/projects/showhow/node_modules/vitest
- /Users/mohamedb/dev/projects/showhow/node_modules/@vitest/browser/dist
- /Users/mohamedb/dev/projects/showhow/node_modules/vite/dist/client
- /Users/mohamedb/dev/projects/showhow/node_modules/@vitest/browser-playwright/dist/locators.js

Refer to docs https://vite.dev/config/server-options.html#server-fs-allow for configurations and more details.

The request id "/Users/mohamedb/dev/projects/showhow/node_modules/gif.js/dist/gif.worker.js" is outside of Vite serving allow list.
The request id "/Users/mohamedb/dev/projects/showhow/node_modules/gif.js/dist/gif.worker.js" is outside of Vite serving allow list.
The request id "/Users/mohamedb/dev/projects/showhow/node_modules/gif.js/dist/gif.worker.js" is outside of Vite serving allow list.
The request id "/Users/mohamedb/dev/projects/showhow/node_modules/gif.js/dist/gif.worker.js" is outside of Vite serving allow list.
The request id "/Users/mohamedb/dev/projects/showhow/node_modules/gif.js/dist/gif.worker.js" is outside of Vite serving allow list.
The request id "/Users/mohamedb/dev/projects/showhow/node_modules/gif.js/dist/gif.worker.js" is outside of Vite serving allow list.
The request id "/Users/mohamedb/dev/projects/showhow/node_modules/gif.js/dist/gif.worker.js" is outside of Vite serving allow list.
10:19:15 PM [vite] (client) ✨ new dependencies optimized: react/jsx-dev-runtime, react, react-dom/client, @tiptap/react, @tiptap/starter-kit, @radix-ui/react-tooltip, sonner, react-icons/md, lucide-react, react-dom, react-icons/bs, react-icons/fa, react-icons/fa6, react-icons/fi, react-icons/rx, @radix-ui/react-slot, class-variance-authority, clsx, tailwind-merge, @radix-ui/react-tabs, @fix-webm-duration/fix
10:19:15 PM [vite] (client) ✨ optimized dependencies changed. reloading

[vitest] Vite unexpectedly reloaded a test. This may cause tests to fail, lead to flaky behaviour or duplicated test runs.
For a stable experience, please add mentioned dependencies to your config's `optimizeDeps.include` field manually.


