
 RUN  v4.1.5 /Users/mohamedb/.herdr/worktrees/showhow/ticket-67-optimize-mp4-size

10:17:54 PM [vite] (client) ✨ new dependencies optimized: gif.js
10:17:54 PM [vite] (client) ✨ optimized dependencies changed. reloading

[vitest] Vite unexpectedly reloaded a test. This may cause tests to fail, lead to flaky behaviour or duplicated test runs.
For a stable experience, please add mentioned dependencies to your config's `optimizeDeps.include` field manually.


stderr | src/lib/exporter/gifExporter.browser.test.ts > GifExporter (real browser) > exports a valid GIF blob from a real video
Failed to get platform from Electron, falling back to navigator: [TypeError: Cannot read properties of undefined (reading 'getPlatform')]
stderr | src/lib/exporter/gifExporter.browser.test.ts > GifExporter (real browser) > exports a valid GIF blob from a real video
GIF Export error: [TypeError: Failed to fetch dynamically imported module: http://localhost:63315/artifacts/67/.vite-cache/vitest/da39a3ee5e6b4b0d3255bfef95601890afd80709/deps/WebGLRenderer-4LKL5526.js?v=cf3beb5f]
stderr | src/lib/exporter/gifExporter.browser.test.ts > GifExporter (real browser) > exports a valid GIF blob from a real video
Error destroying renderer: [TypeError: this._cancelResize is not a function]
stderr | src/lib/exporter/gifExporter.browser.test.ts > GifExporter (real browser) > exports successfully with an image wallpaper (served by Vite dev server)
GIF Export error: [TypeError: Failed to fetch dynamically imported module: http://localhost:63315/artifacts/67/.vite-cache/vitest/da39a3ee5e6b4b0d3255bfef95601890afd80709/deps/WebGLRenderer-4LKL5526.js?v=cf3beb5f]
stderr | src/lib/exporter/gifExporter.browser.test.ts > GifExporter (real browser) > exports successfully with an image wallpaper (served by Vite dev server)
Error destroying renderer: [TypeError: this._cancelResize is not a function]
stderr | src/lib/exporter/gifExporter.browser.test.ts > GifExporter (real browser) > throws BackgroundLoadError when wallpaper fails to load (no silent black fallback)
GIF Export error: [TypeError: Failed to fetch dynamically imported module: http://localhost:63315/artifacts/67/.vite-cache/vitest/da39a3ee5e6b4b0d3255bfef95601890afd80709/deps/WebGLRenderer-4LKL5526.js?v=cf3beb5f]
stderr | src/lib/exporter/gifExporter.browser.test.ts > GifExporter (real browser) > throws BackgroundLoadError when wallpaper fails to load (no silent black fallback)
Error destroying renderer: [TypeError: this._cancelResize is not a function]
 ❯ |chromium| src/lib/exporter/gifExporter.browser.test.ts (3 tests | 3 failed) 499ms
     × exports a valid GIF blob from a real video 231ms
     × exports successfully with an image wallpaper (served by Vite dev server) 128ms
     × throws BackgroundLoadError when wallpaper fails to load (no silent black fallback) 140ms

⎯⎯⎯⎯⎯⎯⎯ Failed Tests 3 ⎯⎯⎯⎯⎯⎯⎯

 FAIL  |chromium| src/lib/exporter/gifExporter.browser.test.ts > GifExporter (real browser) > exports a valid GIF blob from a real video
AssertionError: Failed to fetch dynamically imported module: http://localhost:63315/artifacts/67/.vite-cache/vitest/da39a3ee5e6b4b0d3255bfef95601890afd80709/deps/WebGLRenderer-4LKL5526.js?v=cf3beb5f: expected false to be true // Object.is equality

Failure screenshot:
  - src/lib/exporter/__screenshots__/gifExporter.browser.test.ts/GifExporter--real-browser--exports-a-valid-GIF-blob-from-a-real-video-1.png

[32m- Expected[39m
[31m+ Received[39m

[32m- true[39m
[31m+ false[39m

 ❯ src/lib/exporter/gifExporter.browser.test.ts:24:42

⎯⎯⎯⎯⎯⎯⎯⎯⎯⎯⎯⎯⎯⎯⎯⎯⎯⎯⎯⎯⎯⎯⎯⎯[1/3]⎯

 FAIL  |chromium| src/lib/exporter/gifExporter.browser.test.ts > GifExporter (real browser) > exports successfully with an image wallpaper (served by Vite dev server)
AssertionError: Failed to fetch dynamically imported module: http://localhost:63315/artifacts/67/.vite-cache/vitest/da39a3ee5e6b4b0d3255bfef95601890afd80709/deps/WebGLRenderer-4LKL5526.js?v=cf3beb5f: expected false to be true // Object.is equality

Failure screenshot:
  - src/lib/exporter/__screenshots__/gifExporter.browser.test.ts/GifExporter--real-browser--exports-successfully-with-an-image-wallpaper--served-by-Vite-dev-server--1.png

[32m- Expected[39m
[31m+ Received[39m

[32m- true[39m
[31m+ false[39m

 ❯ src/lib/exporter/gifExporter.browser.test.ts:51:42

⎯⎯⎯⎯⎯⎯⎯⎯⎯⎯⎯⎯⎯⎯⎯⎯⎯⎯⎯⎯⎯⎯⎯⎯[2/3]⎯

 FAIL  |chromium| src/lib/exporter/gifExporter.browser.test.ts > GifExporter (real browser) > throws BackgroundLoadError when wallpaper fails to load (no silent black fallback)
AssertionError: promise resolved "{ success: false, …(1) }" instead of rejecting

Failure screenshot:
  - src/lib/exporter/__screenshots__/gifExporter.browser.test.ts/GifExporter--real-browser--throws-BackgroundLoadError-when-wallpaper-fails-to-load--no-silent-black-fallback--1.png

[32m- Expected[39m
[31m+ Received[39m

[32m- Error {[39m
[32m-   "message": "rejected promise",[39m
[31m+ {[39m
[31m+   "error": "Failed to fetch dynamically imported module: http://localhost:63315/artifacts/67/.vite-cache/vitest/da39a3ee5e6b4b0d3255bfef95601890afd80709/deps/WebGLRenderer-4LKL5526.js?v=cf3beb5f",[39m
[31m+   "success": false,[39m
[2m  }[22m

 ❯ src/lib/exporter/gifExporter.browser.test.ts:70:28

⎯⎯⎯⎯⎯⎯⎯⎯⎯⎯⎯⎯⎯⎯⎯⎯⎯⎯⎯⎯⎯⎯⎯⎯[3/3]⎯


 Test Files  1 failed | 2 passed | 1 skipped (4)
      Tests  3 failed | 4 passed | 1 skipped (8)
   Start at  22:17:52
   Duration  3.77s (transform 0ms, setup 0ms, import 1.82s, tests 5.16s, environment 0ms)

✘ [ERROR] The build was canceled

