
 RUN  v4.1.5 /Users/mohamedb/.herdr/worktrees/showhow/ticket-67-optimize-mp4-size

stderr | src/lib/exporter/mp4Bitrate.browser.test.ts > bounds scrolling UI export size while preserving video and audio streams
Failed to get platform from Electron, falling back to navigator: [TypeError: Cannot read properties of undefined (reading 'getPlatform')]
stdout | src/lib/exporter/mp4Bitrate.browser.test.ts > bounds scrolling UI export size while preserving video and audio streams
[VideoExporter] source-copy fast path disabled {
  "blockers": [
    "padding is not zero",
  ],
  "output": {
    "height": 1080,
    "width": 1920,
  },
  "source": {
    "audioCodec": "mp4a.40.2",
    "codec": "avc1.42c02a",
    "duration": 3,
    "frameRate": 60,
    "hasAudio": true,
    "height": 1080,
    "streamDuration": 3,
    "width": 1920,
  },
}
stderr | src/lib/exporter/mp4Bitrate.browser.test.ts > bounds scrolling UI export size while preserving video and audio streams
    at FrameRenderer.initialize (http://localhost:63315/src/lib/exporter/frameRenderer.ts:135:26)
    at async VideoExporter.exportWithEncoderPreference (http://localhost:63315/src/lib/exporter/videoExporter.ts:204:7)
    at async VideoExporter.export (http://localhost:63315/src/lib/exporter/videoExporter.ts:105:16)
    at async http://localhost:63315/Users/mohamedb/.herdr/worktrees/showhow/ticket-67-optimize-mp4-size/src/lib/exporter/mp4Bitrate.browser.test.ts?import&browserv=1788814180536:13:18
    at async http://localhost:63315/@fs/Users/mohamedb/dev/projects/showhow/node_modules/@vitest/runner/dist/chunk-artifact.js?v=cf3beb5f:1903:20
stderr | src/lib/exporter/mp4Bitrate.browser.test.ts > bounds scrolling UI export size while preserving video and audio streams
    at FrameRenderer.initialize (http://localhost:63315/src/lib/exporter/frameRenderer.ts:136:29)
    at async VideoExporter.exportWithEncoderPreference (http://localhost:63315/src/lib/exporter/videoExporter.ts:204:7)
    at async VideoExporter.export (http://localhost:63315/src/lib/exporter/videoExporter.ts:105:16)
    at async http://localhost:63315/Users/mohamedb/.herdr/worktrees/showhow/ticket-67-optimize-mp4-size/src/lib/exporter/mp4Bitrate.browser.test.ts?import&browserv=1788814180536:13:18
    at async http://localhost:63315/@fs/Users/mohamedb/dev/projects/showhow/node_modules/@vitest/runner/dist/chunk-artifact.js?v=cf3beb5f:1903:20
stdout | src/lib/exporter/mp4Bitrate.browser.test.ts > bounds scrolling UI export size while preserving video and audio streams
[VideoExporter] Using hardware acceleration
stdout | src/lib/exporter/mp4Bitrate.browser.test.ts > bounds scrolling UI export size while preserving video and audio streams
[StreamingVideoDecoder] decoderConfig.codec: avc1.42c02a
stdout | src/lib/exporter/mp4Bitrate.browser.test.ts > bounds scrolling UI export size while preserving video and audio streams
[StreamingVideoDecoder] decoderConfig.description: Uint8Array [
  1,
  66,
  192,
  42,
  255,
  225,
  0,
  24,
  103,
  66,
  192,
  42,
  218,
  1,
  224,
  8,
  159,
  151,
  1,
  16,
  0,
  0,
  3,
  0,
  16,
  0,
  0,
  7,
  128,
  241,
  131,
  42,
  1,
  0,
  5,
  104,
  206,
  2,
  60,
  128,
]
stdout | src/lib/exporter/mp4Bitrate.browser.test.ts > bounds scrolling UI export size while preserving video and audio streams
[StreamingVideoDecoder] isConfigSupported for "avc1.42c02a": true
stdout | src/lib/exporter/mp4Bitrate.browser.test.ts > bounds scrolling UI export size while preserving video and audio streams
[VideoExporter] Processing audio track...
stdout | src/lib/exporter/mp4Bitrate.browser.test.ts > bounds scrolling UI export size while preserving video and audio streams
[AudioProcessor] Processed 142 audio frames, encoded 145 chunks
 ❯ |chromium| src/lib/exporter/mp4Bitrate.browser.test.ts (1 test | 1 failed) 2311ms
   × bounds scrolling UI export size while preserving video and audio streams 2310ms

⎯⎯⎯⎯⎯⎯⎯ Failed Tests 1 ⎯⎯⎯⎯⎯⎯⎯

 FAIL  |chromium| src/lib/exporter/mp4Bitrate.browser.test.ts > bounds scrolling UI export size while preserving video and audio streams
AssertionError: expected 1414031.25 to be less than or equal to 779446

Failure screenshot:
  - src/lib/exporter/__screenshots__/mp4Bitrate.browser.test.ts/bounds-scrolling-UI-export-size-while-preserving-video-and-audio-streams-1.png

 ❯ src/lib/exporter/mp4Bitrate.browser.test.ts:42:39
     40|   // ceil(1.5 * worst measured 4Mbps bytes/sec), with 50% variance mar…
     41|   // See artifacts/67/benchmark-results.md and measurements.jsonl.
     42|   expect(result.blob!.size / duration).toBeLessThanOrEqual(779_446);
       |                                       ^
     43|  } finally {
     44|   input.dispose();

⎯⎯⎯⎯⎯⎯⎯⎯⎯⎯⎯⎯⎯⎯⎯⎯⎯⎯⎯⎯⎯⎯⎯⎯[1/1]⎯


 Test Files  1 failed (1)
      Tests  1 failed (1)
   Start at  21:49:39
   Duration  3.32s (transform 0ms, setup 0ms, import 222ms, tests 2.31s, environment 0ms)

