
> showhow@1.6.0 test
> vitest --run src/lib/exporter/mp4BitrateScaling.test.ts


 RUN  v4.1.5 /Users/mohamedb/.herdr/worktrees/showhow/ticket-67-optimize-mp4-size

 ❯ src/lib/exporter/mp4BitrateScaling.test.ts (5 tests | 5 failed) 9ms
     × reduces the source export budget when a crop removes most pixels 3ms
     × avoids a bitrate cliff just above 1280 x 720 ('medium') 2ms
     × avoids a bitrate cliff just above 1920 x 1080 ('good') 1ms
     × avoids a bitrate cliff just above 1920 x 1080 ('source') 1ms
     × avoids a bitrate cliff just above 2560 x 1440 ('source') 1ms

⎯⎯⎯⎯⎯⎯⎯ Failed Tests 5 ⎯⎯⎯⎯⎯⎯⎯

 FAIL  src/lib/exporter/mp4BitrateScaling.test.ts > MP4 bitrate scaling > reduces the source export budget when a crop removes most pixels
AssertionError: expected 30000000 to be less than 15000000
 ❯ src/lib/exporter/mp4BitrateScaling.test.ts:21:27
     19|   // This crop has under one fifth of the pixels. A full-frame budget
     20|   // wastes space; leave headroom here rather than locking a tuned con…
     21|   expect(cropped.bitrate).toBeLessThan(full.bitrate / 2);
       |                           ^
     22|  });
     23|

⎯⎯⎯⎯⎯⎯⎯⎯⎯⎯⎯⎯⎯⎯⎯⎯⎯⎯⎯⎯⎯⎯⎯⎯[1/5]⎯

 FAIL  src/lib/exporter/mp4BitrateScaling.test.ts > MP4 bitrate scaling > avoids a bitrate cliff just above 1280 x 720 ('medium')
AssertionError: expected 20000000 to be less than or equal to 11000000
 ❯ src/lib/exporter/mp4BitrateScaling.test.ts:46:29
     44|   expect(justAbove.bitrate).toBeGreaterThanOrEqual(atBoundary.bitrate);
     45|   // Two extra pixel columns must not trigger the former 50-100% jumps.
     46|   expect(justAbove.bitrate).toBeLessThanOrEqual(atBoundary.bitrate * 1…
       |                             ^
     47|  });
     48| });

⎯⎯⎯⎯⎯⎯⎯⎯⎯⎯⎯⎯⎯⎯⎯⎯⎯⎯⎯⎯⎯⎯⎯⎯[2/5]⎯

 FAIL  src/lib/exporter/mp4BitrateScaling.test.ts > MP4 bitrate scaling > avoids a bitrate cliff just above 1920 x 1080 ('good')
AssertionError: expected 30000000 to be less than or equal to 22000000
 ❯ src/lib/exporter/mp4BitrateScaling.test.ts:46:29
     44|   expect(justAbove.bitrate).toBeGreaterThanOrEqual(atBoundary.bitrate);
     45|   // Two extra pixel columns must not trigger the former 50-100% jumps.
     46|   expect(justAbove.bitrate).toBeLessThanOrEqual(atBoundary.bitrate * 1…
       |                             ^
     47|  });
     48| });

⎯⎯⎯⎯⎯⎯⎯⎯⎯⎯⎯⎯⎯⎯⎯⎯⎯⎯⎯⎯⎯⎯⎯⎯[3/5]⎯

 FAIL  src/lib/exporter/mp4BitrateScaling.test.ts > MP4 bitrate scaling > avoids a bitrate cliff just above 1920 x 1080 ('source')
AssertionError: expected 50000000 to be less than or equal to 33000000.000000004
 ❯ src/lib/exporter/mp4BitrateScaling.test.ts:46:29
     44|   expect(justAbove.bitrate).toBeGreaterThanOrEqual(atBoundary.bitrate);
     45|   // Two extra pixel columns must not trigger the former 50-100% jumps.
     46|   expect(justAbove.bitrate).toBeLessThanOrEqual(atBoundary.bitrate * 1…
       |                             ^
     47|  });
     48| });

⎯⎯⎯⎯⎯⎯⎯⎯⎯⎯⎯⎯⎯⎯⎯⎯⎯⎯⎯⎯⎯⎯⎯⎯[4/5]⎯

 FAIL  src/lib/exporter/mp4BitrateScaling.test.ts > MP4 bitrate scaling > avoids a bitrate cliff just above 2560 x 1440 ('source')
AssertionError: expected 80000000 to be less than or equal to 55000000.00000001
 ❯ src/lib/exporter/mp4BitrateScaling.test.ts:46:29
     44|   expect(justAbove.bitrate).toBeGreaterThanOrEqual(atBoundary.bitrate);
     45|   // Two extra pixel columns must not trigger the former 50-100% jumps.
     46|   expect(justAbove.bitrate).toBeLessThanOrEqual(atBoundary.bitrate * 1…
       |                             ^
     47|  });
     48| });

⎯⎯⎯⎯⎯⎯⎯⎯⎯⎯⎯⎯⎯⎯⎯⎯⎯⎯⎯⎯⎯⎯⎯⎯[5/5]⎯


 Test Files  1 failed (1)
      Tests  5 failed (5)
   Start at  21:20:21
   Duration  837ms (transform 41ms, setup 0ms, import 59ms, tests 9ms, environment 655ms)

