
 RUN  v4.1.5 /Users/mohamedb/.herdr/worktrees/showhow/ticket-67-optimize-mp4-size

stderr | src/lib/exporter/mp4HighResolution.browser.test.ts > preserves native 4K source-quality text through motion and rejects blurred text
Failed to get platform from Electron, falling back to navigator: [TypeError: Cannot read properties of undefined (reading 'getPlatform')]
stdout | src/lib/exporter/mp4HighResolution.browser.test.ts > preserves native 4K source-quality text through motion and rejects blurred text
[VideoExporter] source-copy fast path disabled {
  "blockers": [
    "padding is not zero",
  ],
  "output": {
    "height": 2160,
    "width": 3840,
  },
  "source": {
    "audioCodec": undefined,
    "codec": "avc1.640034",
    "duration": 1,
    "frameRate": 60,
    "hasAudio": false,
    "height": 2160,
    "streamDuration": 1,
    "width": 3840,
  },
}
stderr | src/lib/exporter/mp4HighResolution.browser.test.ts > preserves native 4K source-quality text through motion and rejects blurred text
    at FrameRenderer.initialize (http://localhost:63315/src/lib/exporter/frameRenderer.ts:135:26)
    at async VideoExporter.exportWithEncoderPreference (http://localhost:63315/src/lib/exporter/videoExporter.ts:204:7)
    at async VideoExporter.export (http://localhost:63315/src/lib/exporter/videoExporter.ts:105:16)
    at async http://localhost:63315/Users/mohamedb/.herdr/worktrees/showhow/ticket-67-optimize-mp4-size/src/lib/exporter/mp4HighResolution.browser.test.ts?import&browserv=1788824251197:65:22
    at async http://localhost:63315/@fs/Users/mohamedb/dev/projects/showhow/node_modules/@vitest/runner/dist/chunk-artifact.js?v=0f4c3314:1903:20
stderr | src/lib/exporter/mp4HighResolution.browser.test.ts > preserves native 4K source-quality text through motion and rejects blurred text
    at FrameRenderer.initialize (http://localhost:63315/src/lib/exporter/frameRenderer.ts:136:29)
    at async VideoExporter.exportWithEncoderPreference (http://localhost:63315/src/lib/exporter/videoExporter.ts:204:7)
    at async VideoExporter.export (http://localhost:63315/src/lib/exporter/videoExporter.ts:105:16)
    at async http://localhost:63315/Users/mohamedb/.herdr/worktrees/showhow/ticket-67-optimize-mp4-size/src/lib/exporter/mp4HighResolution.browser.test.ts?import&browserv=1788824251197:65:22
    at async http://localhost:63315/@fs/Users/mohamedb/dev/projects/showhow/node_modules/@vitest/runner/dist/chunk-artifact.js?v=0f4c3314:1903:20
stdout | src/lib/exporter/mp4HighResolution.browser.test.ts > preserves native 4K source-quality text through motion and rejects blurred text
[VideoExporter] Using hardware acceleration
stdout | src/lib/exporter/mp4HighResolution.browser.test.ts > preserves native 4K source-quality text through motion and rejects blurred text
[StreamingVideoDecoder] decoderConfig.codec: avc1.640034
stdout | src/lib/exporter/mp4HighResolution.browser.test.ts > preserves native 4K source-quality text through motion and rejects blurred text
[StreamingVideoDecoder] decoderConfig.description: Uint8Array [
  1,
  100,
  0,
  52,
  255,
  225,
  0,
  16,
  39,
  100,
  0,
  52,
  172,
  86,
  128,
  60,
  0,
  67,
  233,
  168,
  8,
  8,
  8,
  16,
  1,
  0,
  4,
  40,
  238,
  60,
  176,
  253,
  248,
  248,
  0,
]
stdout | src/lib/exporter/mp4HighResolution.browser.test.ts > preserves native 4K source-quality text through motion and rejects blurred text
[StreamingVideoDecoder] isConfigSupported for "avc1.640034": true
stdout | src/lib/exporter/mp4HighResolution.browser.test.ts > preserves native 4K source-quality text through motion and rejects blurred text
MP4_4K_QUALITY {"userAgent":"Mozilla/5.0 (Macintosh; Intel Mac OS X 10_15_7) AppleWebKit/537.36 (KHTML, like Gecko) HeadlessChrome/147.0.7727.15 Safari/537.36","frame":15,"sampleTimestamp":0.25,"fixtureSha256":"9aacc7a6a1a27e41164779889eec27df6aee69f6a69a5b2e0b52cf904afae7be","fixtureBytes":1350183,"outputBytes":1954941,"bitrate":14400000,"configurations":[{"codec":"avc1.640033","width":3840,"height":2160,"bitrate":14400000,"framerate":60,"latencyMode":"quality","bitrateMode":"variable","hardwareAcceleration":"prefer-hardware"}],"positive":{"correct":40,"total":42,"minimumContrastRatio":0.7525252525252525,"mismatches":[{"row":30,"column":11,"expected":"B","recognized":"8","rectangle":{"x":443,"y":1263,"width":24,"height":30}},{"row":30,"column":14,"expected":"E","recognized":"8","rectangle":{"x":538,"y":1263,"width":24,"height":30}}]},"negative":{"correct":2,"total":42,"minimumContrastRatio":0.08585858585858586,"mismatches":[{"row":0,"column":0,"expected":"0","recognized":"7","rectangle":{"x":94,"y":72,"width":24,"height":30}},{"row":0,"column":1,"expected":"1","recognized":"7","rectangle":{"x":125,"y":72,"width":24,"height":30}},{"row":0,"column":2,"expected":"2","recognized":"7","rectangle":{"x":157,"y":72,"width":24,"height":30}},{"row":0,"column":3,"expected":"3","recognized":"7","rectangle":{"x":189,"y":72,"width":24,"height":30}},{"row":0,"column":4,"expected":"4","recognized":"1","rectangle":{"x":221,"y":72,"width":24,"height":30}},{"row":0,"column":5,"expected":"5","recognized":"7","rectangle":{"x":252,"y":72,"width":24,"height":30}},{"row":0,"column":6,"expected":"6","recognized":"1","rectangle":{"x":284,"y":72,"width":24,"height":30}},{"row":0,"column":8,"expected":"8","recognized":"1","rectangle":{"x":348,"y":72,"width":24,"height":30}},{"row":0,"column":9,"expected":"9","recognized":"7","rectangle":{"x":379,"y":72,"width":24,"height":30}},{"row":0,"column":10,"expected":"A","recognized":"1","rectangle":{"x":411,"y":72,"width":24,"height":30}},{"row":0,"column":11,"expected":"B","recognized":"1","rectangle":{"x":443,"y":72,"width":24,"height":30}},{"row":0,"column":12,"expected":"C","recognized":"7","rectangle":{"x":475,"y":72,"width":24,"height":30}},{"row":0,"column":13,"expected":"D","recognized":"1","rectangle":{"x":506,"y":72,"width":24,"height":30}},{"row":0,"column":14,"expected":"E","recognized":"1","rectangle":{"x":538,"y":72,"width":24,"height":30}},{"row":0,"column":15,"expected":"F","recognized":"7","rectangle":{"x":570,"y":72,"width":24,"height":30}},{"row":0,"column":16,"expected":"G","recognized":"1","rectangle":{"x":602,"y":72,"width":24,"height":30}},{"row":0,"column":17,"expected":"H","recognized":"1","rectangle":{"x":633,"y":72,"width":24,"height":30}},{"row":0,"column":18,"expected":"J","recognized":"7","rectangle":{"x":665,"y":72,"width":24,"height":30}},{"row":0,"column":19,"expected":"K","recognized":"1","rectangle":{"x":697,"y":72,"width":24,"height":30}},{"row":0,"column":20,"expected":"M","recognized":"1","rectangle":{"x":729,"y":72,"width":24,"height":30}},{"row":30,"column":0,"expected":"0","recognized":"7","rectangle":{"x":94,"y":1263,"width":24,"height":30}},{"row":30,"column":1,"expected":"1","recognized":"7","rectangle":{"x":125,"y":1263,"width":24,"height":30}},{"row":30,"column":2,"expected":"2","recognized":"7","rectangle":{"x":157,"y":1263,"width":24,"height":30}},{"row":30,"column":3,"expected":"3","recognized":"7","rectangle":{"x":189,"y":1263,"width":24,"height":30}},{"row":30,"column":4,"expected":"4","recognized":"7","rectangle":{"x":221,"y":1263,"width":24,"height":30}},{"row":30,"column":5,"expected":"5","recognized":"7","rectangle":{"x":252,"y":1263,"width":24,"height":30}},{"row":30,"column":6,"expected":"6","recognized":"7","rectangle":{"x":284,"y":1263,"width":24,"height":30}},{"row":30,"column":8,"expected":"8","recognized":"7","rectangle":{"x":348,"y":1263,"width":24,"height":30}},{"row":30,"column":9,"expected":"9","recognized":"7","rectangle":{"x":379,"y":1263,"width":24,"height":30}},{"row":30,"column":10,"expected":"A","recognized":"1","rectangle":{"x":411,"y":1263,"width":24,"height":30}},{"row":30,"column":11,"expected":"B","recognized":"1","rectangle":{"x":443,"y":1263,"width":24,"height":30}},{"row":30,"column":12,"expected":"C","recognized":"7","rectangle":{"x":475,"y":1263,"width":24,"height":30}},{"row":30,"column":13,"expected":"D","recognized":"7","rectangle":{"x":506,"y":1263,"width":24,"height":30}},{"row":30,"column":14,"expected":"E","recognized":"7","rectangle":{"x":538,"y":1263,"width":24,"height":30}},{"row":30,"column":15,"expected":"F","recognized":"7","rectangle":{"x":570,"y":1263,"width":24,"height":30}},{"row":30,"column":16,"expected":"G","recognized":"7","rectangle":{"x":602,"y":1263,"width":24,"height":30}},{"row":30,"column":17,"expected":"H","recognized":"7","rectangle":{"x":633,"y":1263,"width":24,"height":30}},{"row":30,"column":18,"expected":"J","recognized":"7","rectangle":{"x":665,"y":1263,"width":24,"height":30}},{"row":30,"column":19,"expected":"K","recognized":"7","rectangle":{"x":697,"y":1263,"width":24,"height":30}},{"row":30,"column":20,"expected":"M","recognized":"7","rectangle":{"x":729,"y":1263,"width":24,"height":30}}]},"matchedRows":{"correct":42,"total":42,"minimumContrastRatio":0.7525252525252525,"mismatches":[]}}
stdout | src/lib/exporter/mp4HighResolution.browser.test.ts > preserves native 4K source-quality text through motion and rejects blurred text
MP4_4K_QUALITY {"userAgent":"Mozilla/5.0 (Macintosh; Intel Mac OS X 10_15_7) AppleWebKit/537.36 (KHTML, like Gecko) HeadlessChrome/147.0.7727.15 Safari/537.36","frame":45,"sampleTimestamp":0.75,"fixtureSha256":"9aacc7a6a1a27e41164779889eec27df6aee69f6a69a5b2e0b52cf904afae7be","fixtureBytes":1350183,"outputBytes":1954941,"bitrate":14400000,"configurations":[{"codec":"avc1.640033","width":3840,"height":2160,"bitrate":14400000,"framerate":60,"latencyMode":"quality","bitrateMode":"variable","hardwareAcceleration":"prefer-hardware"}],"positive":{"correct":40,"total":42,"minimumContrastRatio":0.8390243902439024,"mismatches":[{"row":30,"column":13,"expected":"D","recognized":"0","rectangle":{"x":536,"y":1263,"width":24,"height":30}},{"row":30,"column":14,"expected":"E","recognized":"8","rectangle":{"x":568,"y":1263,"width":24,"height":30}}]},"negative":{"correct":2,"total":42,"minimumContrastRatio":0.0989010989010989,"mismatches":[{"row":0,"column":0,"expected":"0","recognized":"7","rectangle":{"x":123,"y":72,"width":24,"height":30}},{"row":0,"column":1,"expected":"1","recognized":"7","rectangle":{"x":155,"y":72,"width":24,"height":30}},{"row":0,"column":2,"expected":"2","recognized":"7","rectangle":{"x":187,"y":72,"width":24,"height":30}},{"row":0,"column":3,"expected":"3","recognized":"7","rectangle":{"x":219,"y":72,"width":24,"height":30}},{"row":0,"column":4,"expected":"4","recognized":"7","rectangle":{"x":250,"y":72,"width":24,"height":30}},{"row":0,"column":5,"expected":"5","recognized":"7","rectangle":{"x":282,"y":72,"width":24,"height":30}},{"row":0,"column":6,"expected":"6","recognized":"7","rectangle":{"x":314,"y":72,"width":24,"height":30}},{"row":0,"column":8,"expected":"8","recognized":"7","rectangle":{"x":377,"y":72,"width":24,"height":30}},{"row":0,"column":9,"expected":"9","recognized":"7","rectangle":{"x":409,"y":72,"width":24,"height":30}},{"row":0,"column":10,"expected":"A","recognized":"7","rectangle":{"x":441,"y":72,"width":24,"height":30}},{"row":0,"column":11,"expected":"B","recognized":"7","rectangle":{"x":473,"y":72,"width":24,"height":30}},{"row":0,"column":12,"expected":"C","recognized":"7","rectangle":{"x":504,"y":72,"width":24,"height":30}},{"row":0,"column":13,"expected":"D","recognized":"7","rectangle":{"x":536,"y":72,"width":24,"height":30}},{"row":0,"column":14,"expected":"E","recognized":"7","rectangle":{"x":568,"y":72,"width":24,"height":30}},{"row":0,"column":15,"expected":"F","recognized":"7","rectangle":{"x":600,"y":72,"width":24,"height":30}},{"row":0,"column":16,"expected":"G","recognized":"7","rectangle":{"x":631,"y":72,"width":24,"height":30}},{"row":0,"column":17,"expected":"H","recognized":"7","rectangle":{"x":663,"y":72,"width":24,"height":30}},{"row":0,"column":18,"expected":"J","recognized":"7","rectangle":{"x":695,"y":72,"width":24,"height":30}},{"row":0,"column":19,"expected":"K","recognized":"7","rectangle":{"x":727,"y":72,"width":24,"height":30}},{"row":0,"column":20,"expected":"M","recognized":"7","rectangle":{"x":758,"y":72,"width":24,"height":30}},{"row":30,"column":0,"expected":"0","recognized":"7","rectangle":{"x":123,"y":1263,"width":24,"height":30}},{"row":30,"column":1,"expected":"1","recognized":"7","rectangle":{"x":155,"y":1263,"width":24,"height":30}},{"row":30,"column":2,"expected":"2","recognized":"7","rectangle":{"x":187,"y":1263,"width":24,"height":30}},{"row":30,"column":3,"expected":"3","recognized":"7","rectangle":{"x":219,"y":1263,"width":24,"height":30}},{"row":30,"column":4,"expected":"4","recognized":"7","rectangle":{"x":250,"y":1263,"width":24,"height":30}},{"row":30,"column":5,"expected":"5","recognized":"7","rectangle":{"x":282,"y":1263,"width":24,"height":30}},{"row":30,"column":6,"expected":"6","recognized":"7","rectangle":{"x":314,"y":1263,"width":24,"height":30}},{"row":30,"column":8,"expected":"8","recognized":"7","rectangle":{"x":377,"y":1263,"width":24,"height":30}},{"row":30,"column":9,"expected":"9","recognized":"7","rectangle":{"x":409,"y":1263,"width":24,"height":30}},{"row":30,"column":10,"expected":"A","recognized":"7","rectangle":{"x":441,"y":1263,"width":24,"height":30}},{"row":30,"column":11,"expected":"B","recognized":"7","rectangle":{"x":473,"y":1263,"width":24,"height":30}},{"row":30,"column":12,"expected":"C","recognized":"7","rectangle":{"x":504,"y":1263,"width":24,"height":30}},{"row":30,"column":13,"expected":"D","recognized":"7","rectangle":{"x":536,"y":1263,"width":24,"height":30}},{"row":30,"column":14,"expected":"E","recognized":"7","rectangle":{"x":568,"y":1263,"width":24,"height":30}},{"row":30,"column":15,"expected":"F","recognized":"7","rectangle":{"x":600,"y":1263,"width":24,"height":30}},{"row":30,"column":16,"expected":"G","recognized":"7","rectangle":{"x":631,"y":1263,"width":24,"height":30}},{"row":30,"column":17,"expected":"H","recognized":"7","rectangle":{"x":663,"y":1263,"width":24,"height":30}},{"row":30,"column":18,"expected":"J","recognized":"7","rectangle":{"x":695,"y":1263,"width":24,"height":30}},{"row":30,"column":19,"expected":"K","recognized":"7","rectangle":{"x":727,"y":1263,"width":24,"height":30}},{"row":30,"column":20,"expected":"M","recognized":"7","rectangle":{"x":758,"y":1263,"width":24,"height":30}}]},"matchedRows":{"correct":42,"total":42,"minimumContrastRatio":0.8390243902439024,"mismatches":[]}}
stdout | src/lib/exporter/mp4HighResolution.browser.test.ts > preserves native 4K source-quality text through motion and rejects blurred text
[VideoExporter] source-copy fast path disabled {
  "blockers": [
    "padding is not zero",
  ],
  "output": {
    "height": 2160,
    "width": 3840,
  },
  "source": {
    "audioCodec": undefined,
    "codec": "avc1.640034",
    "duration": 1,
    "frameRate": 60,
    "hasAudio": false,
    "height": 2160,
    "streamDuration": 1,
    "width": 3840,
  },
}
stdout | src/lib/exporter/mp4HighResolution.browser.test.ts > preserves native 4K source-quality text through motion and rejects blurred text
[VideoExporter] Using hardware acceleration
stdout | src/lib/exporter/mp4HighResolution.browser.test.ts > preserves native 4K source-quality text through motion and rejects blurred text
[StreamingVideoDecoder] decoderConfig.codec: avc1.640034
stdout | src/lib/exporter/mp4HighResolution.browser.test.ts > preserves native 4K source-quality text through motion and rejects blurred text
[StreamingVideoDecoder] decoderConfig.description: Uint8Array [
  1,
  100,
  0,
  52,
  255,
  225,
  0,
  16,
  39,
  100,
  0,
  52,
  172,
  86,
  128,
  60,
  0,
  67,
  233,
  168,
  8,
  8,
  8,
  16,
  1,
  0,
  4,
  40,
  238,
  60,
  176,
  253,
  248,
  248,
  0,
]
stdout | src/lib/exporter/mp4HighResolution.browser.test.ts > preserves native 4K source-quality text through motion and rejects blurred text
[StreamingVideoDecoder] isConfigSupported for "avc1.640034": true
stdout | src/lib/exporter/mp4HighResolution.browser.test.ts > preserves native 4K source-quality text through motion and rejects blurred text
MP4_4K_QUALITY {"userAgent":"Mozilla/5.0 (Macintosh; Intel Mac OS X 10_15_7) AppleWebKit/537.36 (KHTML, like Gecko) HeadlessChrome/147.0.7727.15 Safari/537.36","frame":15,"sampleTimestamp":0.25,"fixtureSha256":"9aacc7a6a1a27e41164779889eec27df6aee69f6a69a5b2e0b52cf904afae7be","fixtureBytes":1350183,"outputBytes":4980880,"bitrate":64000000,"configurations":[{"codec":"avc1.640033","width":3840,"height":2160,"bitrate":64000000,"framerate":60,"latencyMode":"quality","bitrateMode":"variable","hardwareAcceleration":"prefer-hardware"}],"positive":{"correct":40,"total":42,"minimumContrastRatio":0.7474747474747475,"mismatches":[{"row":30,"column":11,"expected":"B","recognized":"8","rectangle":{"x":443,"y":1263,"width":24,"height":30}},{"row":30,"column":14,"expected":"E","recognized":"8","rectangle":{"x":538,"y":1263,"width":24,"height":30}}]},"negative":{"correct":2,"total":42,"minimumContrastRatio":0.08585858585858586,"mismatches":[{"row":0,"column":0,"expected":"0","recognized":"7","rectangle":{"x":94,"y":72,"width":24,"height":30}},{"row":0,"column":1,"expected":"1","recognized":"7","rectangle":{"x":125,"y":72,"width":24,"height":30}},{"row":0,"column":2,"expected":"2","recognized":"7","rectangle":{"x":157,"y":72,"width":24,"height":30}},{"row":0,"column":3,"expected":"3","recognized":"7","rectangle":{"x":189,"y":72,"width":24,"height":30}},{"row":0,"column":4,"expected":"4","recognized":"1","rectangle":{"x":221,"y":72,"width":24,"height":30}},{"row":0,"column":5,"expected":"5","recognized":"7","rectangle":{"x":252,"y":72,"width":24,"height":30}},{"row":0,"column":6,"expected":"6","recognized":"1","rectangle":{"x":284,"y":72,"width":24,"height":30}},{"row":0,"column":8,"expected":"8","recognized":"1","rectangle":{"x":348,"y":72,"width":24,"height":30}},{"row":0,"column":9,"expected":"9","recognized":"7","rectangle":{"x":379,"y":72,"width":24,"height":30}},{"row":0,"column":10,"expected":"A","recognized":"1","rectangle":{"x":411,"y":72,"width":24,"height":30}},{"row":0,"column":11,"expected":"B","recognized":"1","rectangle":{"x":443,"y":72,"width":24,"height":30}},{"row":0,"column":12,"expected":"C","recognized":"7","rectangle":{"x":475,"y":72,"width":24,"height":30}},{"row":0,"column":13,"expected":"D","recognized":"1","rectangle":{"x":506,"y":72,"width":24,"height":30}},{"row":0,"column":14,"expected":"E","recognized":"1","rectangle":{"x":538,"y":72,"width":24,"height":30}},{"row":0,"column":15,"expected":"F","recognized":"7","rectangle":{"x":570,"y":72,"width":24,"height":30}},{"row":0,"column":16,"expected":"G","recognized":"1","rectangle":{"x":602,"y":72,"width":24,"height":30}},{"row":0,"column":17,"expected":"H","recognized":"1","rectangle":{"x":633,"y":72,"width":24,"height":30}},{"row":0,"column":18,"expected":"J","recognized":"7","rectangle":{"x":665,"y":72,"width":24,"height":30}},{"row":0,"column":19,"expected":"K","recognized":"7","rectangle":{"x":697,"y":72,"width":24,"height":30}},{"row":0,"column":20,"expected":"M","recognized":"1","rectangle":{"x":729,"y":72,"width":24,"height":30}},{"row":30,"column":0,"expected":"0","recognized":"7","rectangle":{"x":94,"y":1263,"width":24,"height":30}},{"row":30,"column":1,"expected":"1","recognized":"7","rectangle":{"x":125,"y":1263,"width":24,"height":30}},{"row":30,"column":2,"expected":"2","recognized":"7","rectangle":{"x":157,"y":1263,"width":24,"height":30}},{"row":30,"column":3,"expected":"3","recognized":"7","rectangle":{"x":189,"y":1263,"width":24,"height":30}},{"row":30,"column":4,"expected":"4","recognized":"7","rectangle":{"x":221,"y":1263,"width":24,"height":30}},{"row":30,"column":5,"expected":"5","recognized":"7","rectangle":{"x":252,"y":1263,"width":24,"height":30}},{"row":30,"column":6,"expected":"6","recognized":"7","rectangle":{"x":284,"y":1263,"width":24,"height":30}},{"row":30,"column":8,"expected":"8","recognized":"7","rectangle":{"x":348,"y":1263,"width":24,"height":30}},{"row":30,"column":9,"expected":"9","recognized":"7","rectangle":{"x":379,"y":1263,"width":24,"height":30}},{"row":30,"column":10,"expected":"A","recognized":"1","rectangle":{"x":411,"y":1263,"width":24,"height":30}},{"row":30,"column":11,"expected":"B","recognized":"7","rectangle":{"x":443,"y":1263,"width":24,"height":30}},{"row":30,"column":12,"expected":"C","recognized":"7","rectangle":{"x":475,"y":1263,"width":24,"height":30}},{"row":30,"column":13,"expected":"D","recognized":"7","rectangle":{"x":506,"y":1263,"width":24,"height":30}},{"row":30,"column":14,"expected":"E","recognized":"7","rectangle":{"x":538,"y":1263,"width":24,"height":30}},{"row":30,"column":15,"expected":"F","recognized":"7","rectangle":{"x":570,"y":1263,"width":24,"height":30}},{"row":30,"column":16,"expected":"G","recognized":"7","rectangle":{"x":602,"y":1263,"width":24,"height":30}},{"row":30,"column":17,"expected":"H","recognized":"7","rectangle":{"x":633,"y":1263,"width":24,"height":30}},{"row":30,"column":18,"expected":"J","recognized":"7","rectangle":{"x":665,"y":1263,"width":24,"height":30}},{"row":30,"column":19,"expected":"K","recognized":"7","rectangle":{"x":697,"y":1263,"width":24,"height":30}},{"row":30,"column":20,"expected":"M","recognized":"7","rectangle":{"x":729,"y":1263,"width":24,"height":30}}]},"matchedRows":{"correct":42,"total":42,"minimumContrastRatio":0.7474747474747475,"mismatches":[]}}
stdout | src/lib/exporter/mp4HighResolution.browser.test.ts > preserves native 4K source-quality text through motion and rejects blurred text
MP4_4K_QUALITY {"userAgent":"Mozilla/5.0 (Macintosh; Intel Mac OS X 10_15_7) AppleWebKit/537.36 (KHTML, like Gecko) HeadlessChrome/147.0.7727.15 Safari/537.36","frame":45,"sampleTimestamp":0.75,"fixtureSha256":"9aacc7a6a1a27e41164779889eec27df6aee69f6a69a5b2e0b52cf904afae7be","fixtureBytes":1350183,"outputBytes":4980880,"bitrate":64000000,"configurations":[{"codec":"avc1.640033","width":3840,"height":2160,"bitrate":64000000,"framerate":60,"latencyMode":"quality","bitrateMode":"variable","hardwareAcceleration":"prefer-hardware"}],"positive":{"correct":40,"total":42,"minimumContrastRatio":0.8292682926829268,"mismatches":[{"row":30,"column":13,"expected":"D","recognized":"0","rectangle":{"x":536,"y":1263,"width":24,"height":30}},{"row":30,"column":14,"expected":"E","recognized":"8","rectangle":{"x":568,"y":1263,"width":24,"height":30}}]},"negative":{"correct":2,"total":42,"minimumContrastRatio":0.0989010989010989,"mismatches":[{"row":0,"column":0,"expected":"0","recognized":"7","rectangle":{"x":123,"y":72,"width":24,"height":30}},{"row":0,"column":1,"expected":"1","recognized":"7","rectangle":{"x":155,"y":72,"width":24,"height":30}},{"row":0,"column":2,"expected":"2","recognized":"7","rectangle":{"x":187,"y":72,"width":24,"height":30}},{"row":0,"column":3,"expected":"3","recognized":"7","rectangle":{"x":219,"y":72,"width":24,"height":30}},{"row":0,"column":4,"expected":"4","recognized":"7","rectangle":{"x":250,"y":72,"width":24,"height":30}},{"row":0,"column":5,"expected":"5","recognized":"7","rectangle":{"x":282,"y":72,"width":24,"height":30}},{"row":0,"column":6,"expected":"6","recognized":"7","rectangle":{"x":314,"y":72,"width":24,"height":30}},{"row":0,"column":8,"expected":"8","recognized":"7","rectangle":{"x":377,"y":72,"width":24,"height":30}},{"row":0,"column":9,"expected":"9","recognized":"7","rectangle":{"x":409,"y":72,"width":24,"height":30}},{"row":0,"column":10,"expected":"A","recognized":"7","rectangle":{"x":441,"y":72,"width":24,"height":30}},{"row":0,"column":11,"expected":"B","recognized":"7","rectangle":{"x":473,"y":72,"width":24,"height":30}},{"row":0,"column":12,"expected":"C","recognized":"7","rectangle":{"x":504,"y":72,"width":24,"height":30}},{"row":0,"column":13,"expected":"D","recognized":"7","rectangle":{"x":536,"y":72,"width":24,"height":30}},{"row":0,"column":14,"expected":"E","recognized":"7","rectangle":{"x":568,"y":72,"width":24,"height":30}},{"row":0,"column":15,"expected":"F","recognized":"7","rectangle":{"x":600,"y":72,"width":24,"height":30}},{"row":0,"column":16,"expected":"G","recognized":"7","rectangle":{"x":631,"y":72,"width":24,"height":30}},{"row":0,"column":17,"expected":"H","recognized":"7","rectangle":{"x":663,"y":72,"width":24,"height":30}},{"row":0,"column":18,"expected":"J","recognized":"7","rectangle":{"x":695,"y":72,"width":24,"height":30}},{"row":0,"column":19,"expected":"K","recognized":"7","rectangle":{"x":727,"y":72,"width":24,"height":30}},{"row":0,"column":20,"expected":"M","recognized":"7","rectangle":{"x":758,"y":72,"width":24,"height":30}},{"row":30,"column":0,"expected":"0","recognized":"7","rectangle":{"x":123,"y":1263,"width":24,"height":30}},{"row":30,"column":1,"expected":"1","recognized":"7","rectangle":{"x":155,"y":1263,"width":24,"height":30}},{"row":30,"column":2,"expected":"2","recognized":"7","rectangle":{"x":187,"y":1263,"width":24,"height":30}},{"row":30,"column":3,"expected":"3","recognized":"7","rectangle":{"x":219,"y":1263,"width":24,"height":30}},{"row":30,"column":4,"expected":"4","recognized":"7","rectangle":{"x":250,"y":1263,"width":24,"height":30}},{"row":30,"column":5,"expected":"5","recognized":"7","rectangle":{"x":282,"y":1263,"width":24,"height":30}},{"row":30,"column":6,"expected":"6","recognized":"7","rectangle":{"x":314,"y":1263,"width":24,"height":30}},{"row":30,"column":8,"expected":"8","recognized":"7","rectangle":{"x":377,"y":1263,"width":24,"height":30}},{"row":30,"column":9,"expected":"9","recognized":"7","rectangle":{"x":409,"y":1263,"width":24,"height":30}},{"row":30,"column":10,"expected":"A","recognized":"7","rectangle":{"x":441,"y":1263,"width":24,"height":30}},{"row":30,"column":11,"expected":"B","recognized":"7","rectangle":{"x":473,"y":1263,"width":24,"height":30}},{"row":30,"column":12,"expected":"C","recognized":"7","rectangle":{"x":504,"y":1263,"width":24,"height":30}},{"row":30,"column":13,"expected":"D","recognized":"7","rectangle":{"x":536,"y":1263,"width":24,"height":30}},{"row":30,"column":14,"expected":"E","recognized":"7","rectangle":{"x":568,"y":1263,"width":24,"height":30}},{"row":30,"column":15,"expected":"F","recognized":"7","rectangle":{"x":600,"y":1263,"width":24,"height":30}},{"row":30,"column":16,"expected":"G","recognized":"7","rectangle":{"x":631,"y":1263,"width":24,"height":30}},{"row":30,"column":17,"expected":"H","recognized":"7","rectangle":{"x":663,"y":1263,"width":24,"height":30}},{"row":30,"column":18,"expected":"J","recognized":"7","rectangle":{"x":695,"y":1263,"width":24,"height":30}},{"row":30,"column":19,"expected":"K","recognized":"7","rectangle":{"x":727,"y":1263,"width":24,"height":30}},{"row":30,"column":20,"expected":"M","recognized":"7","rectangle":{"x":758,"y":1263,"width":24,"height":30}}]},"matchedRows":{"correct":42,"total":42,"minimumContrastRatio":0.8292682926829268,"mismatches":[]}}
 ❯ |chromium| src/lib/exporter/mp4HighResolution.browser.test.ts (2 tests | 1 failed) 11942ms
   × preserves native 4K source-quality text through motion and rejects blurred text 11734ms

⎯⎯⎯⎯⎯⎯⎯ Failed Tests 1 ⎯⎯⎯⎯⎯⎯⎯

 FAIL  |chromium| src/lib/exporter/mp4HighResolution.browser.test.ts > preserves native 4K source-quality text through motion and rejects blurred text
AssertionError: expected 40 to be 42 // Object.is equality

Failure screenshot:
  - src/lib/exporter/__screenshots__/mp4HighResolution.browser.test.ts/preserves-native-4K-source-quality-text-through-motion-and-rejects-blurred-text-1.png

[32m- Expected[39m
[31m+ Received[39m

[32m- 42[39m
[31m+ 40[39m

 ❯ assertReadable src/lib/exporter/mp4HighResolution.browser.test.ts:26:23
     24|  // Every sampled known character must remain identifiable, retaining …
     25|  // half its input glyph contrast. Background-only similarity cannot p…
     26|  expect(score.correct).toBe(score.total);
       |                       ^
     27|  expect(score.minimumContrastRatio).toBeGreaterThanOrEqual(0.5);
     28| }
 ❯ src/lib/exporter/mp4HighResolution.browser.test.ts:175:30

⎯⎯⎯⎯⎯⎯⎯⎯⎯⎯⎯⎯⎯⎯⎯⎯⎯⎯⎯⎯⎯⎯⎯⎯[1/1]⎯


 Test Files  1 failed (1)
      Tests  1 failed | 1 passed (2)
   Start at  00:37:30
   Duration  13.25s (transform 0ms, setup 0ms, import 252ms, tests 11.94s, environment 0ms)

