
 RUN  v4.1.5 /Users/mohamedb/.herdr/worktrees/showhow/ticket-67-optimize-mp4-size

12:16:33 AM [vite] (client) Re-optimizing dependencies because vite config has changed
stderr | src/lib/exporter/mp4Bitrate.browser.test.ts > reduces scrolling UI bytes against a paired legacy encoder control
Failed to get platform from Electron, falling back to navigator: [TypeError: Cannot read properties of undefined (reading 'getPlatform')]
stdout | src/lib/exporter/mp4Bitrate.browser.test.ts > reduces scrolling UI bytes against a paired legacy encoder control
[VideoExporter] source-copy fast path disabled {
  "blockers": [
    "padding is not zero",
  ],
  "output": {
    "height": 1080,
    "width": 1920,
  },
  "source": {
    "audioCodec": "mp4a.40.2",
    "codec": "avc1.42c02a",
    "duration": 3,
    "frameRate": 60,
    "hasAudio": true,
    "height": 1080,
    "streamDuration": 3,
    "width": 1920,
  },
}
stderr | src/lib/exporter/mp4Bitrate.browser.test.ts > reduces scrolling UI bytes against a paired legacy encoder control
    at FrameRenderer.initialize (http://localhost:63315/src/lib/exporter/frameRenderer.ts:135:26)
    at async VideoExporter.exportWithEncoderPreference (http://localhost:63315/src/lib/exporter/videoExporter.ts:204:7)
    at async VideoExporter.export (http://localhost:63315/src/lib/exporter/videoExporter.ts:105:16)
    at async http://localhost:63315/Users/mohamedb/.herdr/worktrees/showhow/ticket-67-optimize-mp4-size/src/lib/exporter/mp4Bitrate.browser.test.ts?import&browserv=1788822994272:15:20
    at async http://localhost:63315/@fs/Users/mohamedb/dev/projects/showhow/node_modules/@vitest/runner/dist/chunk-artifact.js?v=87d34470:1903:20
stderr | src/lib/exporter/mp4Bitrate.browser.test.ts > reduces scrolling UI bytes against a paired legacy encoder control
    at FrameRenderer.initialize (http://localhost:63315/src/lib/exporter/frameRenderer.ts:136:29)
    at async VideoExporter.exportWithEncoderPreference (http://localhost:63315/src/lib/exporter/videoExporter.ts:204:7)
    at async VideoExporter.export (http://localhost:63315/src/lib/exporter/videoExporter.ts:105:16)
    at async http://localhost:63315/Users/mohamedb/.herdr/worktrees/showhow/ticket-67-optimize-mp4-size/src/lib/exporter/mp4Bitrate.browser.test.ts?import&browserv=1788822994272:15:20
    at async http://localhost:63315/@fs/Users/mohamedb/dev/projects/showhow/node_modules/@vitest/runner/dist/chunk-artifact.js?v=87d34470:1903:20
stdout | src/lib/exporter/mp4Bitrate.browser.test.ts > reduces scrolling UI bytes against a paired legacy encoder control
[VideoExporter] Using hardware acceleration
stdout | src/lib/exporter/mp4Bitrate.browser.test.ts > reduces scrolling UI bytes against a paired legacy encoder control
[StreamingVideoDecoder] decoderConfig.codec: avc1.42c02a
stdout | src/lib/exporter/mp4Bitrate.browser.test.ts > reduces scrolling UI bytes against a paired legacy encoder control
[StreamingVideoDecoder] decoderConfig.description: Uint8Array [
  1,
  66,
  192,
  42,
  255,
  225,
  0,
  24,
  103,
  66,
  192,
  42,
  218,
  1,
  224,
  8,
  159,
  151,
  1,
  16,
  0,
  0,
  3,
  0,
  16,
  0,
  0,
  7,
  128,
  241,
  131,
  42,
  1,
  0,
  5,
  104,
  206,
  2,
  60,
  128,
]
stdout | src/lib/exporter/mp4Bitrate.browser.test.ts > reduces scrolling UI bytes against a paired legacy encoder control
[StreamingVideoDecoder] isConfigSupported for "avc1.42c02a": true
stdout | src/lib/exporter/mp4Bitrate.browser.test.ts > reduces scrolling UI bytes against a paired legacy encoder control
[VideoExporter] Processing audio track...
stdout | src/lib/exporter/mp4Bitrate.browser.test.ts > reduces scrolling UI bytes against a paired legacy encoder control
[AudioProcessor] Processed 142 audio frames, encoded 145 chunks
stdout | src/lib/exporter/mp4Bitrate.browser.test.ts > reduces scrolling UI bytes against a paired legacy encoder control
[VideoExporter] source-copy fast path disabled {
  "blockers": [
    "padding is not zero",
  ],
  "output": {
    "height": 1080,
    "width": 1920,
  },
  "source": {
    "audioCodec": "mp4a.40.2",
    "codec": "avc1.42c02a",
    "duration": 3,
    "frameRate": 60,
    "hasAudio": true,
    "height": 1080,
    "streamDuration": 3,
    "width": 1920,
  },
}
stdout | src/lib/exporter/mp4Bitrate.browser.test.ts > reduces scrolling UI bytes against a paired legacy encoder control
[VideoExporter] Using hardware acceleration
stdout | src/lib/exporter/mp4Bitrate.browser.test.ts > reduces scrolling UI bytes against a paired legacy encoder control
[StreamingVideoDecoder] decoderConfig.codec: avc1.42c02a
stdout | src/lib/exporter/mp4Bitrate.browser.test.ts > reduces scrolling UI bytes against a paired legacy encoder control
[StreamingVideoDecoder] decoderConfig.description: Uint8Array [
  1,
  66,
  192,
  42,
  255,
  225,
  0,
  24,
  103,
  66,
  192,
  42,
  218,
  1,
  224,
  8,
  159,
  151,
  1,
  16,
  0,
  0,
  3,
  0,
  16,
  0,
  0,
  7,
  128,
  241,
  131,
  42,
  1,
  0,
  5,
  104,
  206,
  2,
  60,
  128,
]
stdout | src/lib/exporter/mp4Bitrate.browser.test.ts > reduces scrolling UI bytes against a paired legacy encoder control
[StreamingVideoDecoder] isConfigSupported for "avc1.42c02a": true
stdout | src/lib/exporter/mp4Bitrate.browser.test.ts > reduces scrolling UI bytes against a paired legacy encoder control
[VideoExporter] Processing audio track...
stdout | src/lib/exporter/mp4Bitrate.browser.test.ts > reduces scrolling UI bytes against a paired legacy encoder control
[AudioProcessor] Processed 142 audio frames, encoded 145 chunks
stdout | src/lib/exporter/mp4Bitrate.browser.test.ts > reduces scrolling UI bytes against a paired legacy encoder control
MP4_PAIRED_SIZE {"userAgent":"Mozilla/5.0 (Macintosh; Intel Mac OS X 10_15_7) AppleWebKit/537.36 (KHTML, like Gecko) HeadlessChrome/147.0.7727.15 Safari/537.36","legacyBytes":4374070,"computedBytes":4374070,"bitrate":20000000}
 ❯ |chromium| src/lib/exporter/mp4Bitrate.browser.test.ts (1 test | 1 failed) 4185ms
   × reduces scrolling UI bytes against a paired legacy encoder control 4185ms

⎯⎯⎯⎯⎯⎯⎯ Failed Tests 1 ⎯⎯⎯⎯⎯⎯⎯

 FAIL  |chromium| src/lib/exporter/mp4Bitrate.browser.test.ts > reduces scrolling UI bytes against a paired legacy encoder control
AssertionError: expected 20000000 to be less than 20000000

Failure screenshot:
  - src/lib/exporter/__screenshots__/mp4Bitrate.browser.test.ts/reduces-scrolling-UI-bytes-against-a-paired-legacy-encoder-control-1.png

 ❯ src/lib/exporter/mp4Bitrate.browser.test.ts:60:26
     58|   }),
     59|  );
     60|  expect(settings.bitrate).toBeLessThan(20_000_000);
       |                          ^
     61|  expect(outputs[1]).toBeLessThan(outputs[0]);
     62| });

⎯⎯⎯⎯⎯⎯⎯⎯⎯⎯⎯⎯⎯⎯⎯⎯⎯⎯⎯⎯⎯⎯⎯⎯[1/1]⎯


 Test Files  1 failed (1)
      Tests  1 failed (1)
   Start at  00:16:32
   Duration  5.75s (transform 0ms, setup 0ms, import 257ms, tests 4.19s, environment 0ms)

