
 RUN  v4.1.5 /Users/mohamedb/.herdr/worktrees/showhow/ticket-67-optimize-mp4-size

stderr | src/lib/exporter/mp4HighResolution.browser.test.ts > preserves native 4K source-quality text through motion and rejects blurred text
Failed to get platform from Electron, falling back to navigator: [TypeError: Cannot read properties of undefined (reading 'getPlatform')]
stdout | src/lib/exporter/mp4HighResolution.browser.test.ts > preserves native 4K source-quality text through motion and rejects blurred text
[VideoExporter] source-copy fast path disabled {
  "blockers": [
    "padding is not zero",
  ],
  "output": {
    "height": 2160,
    "width": 3840,
  },
  "source": {
    "audioCodec": undefined,
    "codec": "avc1.640034",
    "duration": 1,
    "frameRate": 60,
    "hasAudio": false,
    "height": 2160,
    "streamDuration": 1,
    "width": 3840,
  },
}
stderr | src/lib/exporter/mp4HighResolution.browser.test.ts > preserves native 4K source-quality text through motion and rejects blurred text
    at FrameRenderer.initialize (http://localhost:63315/src/lib/exporter/frameRenderer.ts:135:26)
    at async VideoExporter.exportWithEncoderPreference (http://localhost:63315/src/lib/exporter/videoExporter.ts:204:7)
    at async VideoExporter.export (http://localhost:63315/src/lib/exporter/videoExporter.ts:105:16)
    at async http://localhost:63315/Users/mohamedb/.herdr/worktrees/showhow/ticket-67-optimize-mp4-size/src/lib/exporter/mp4HighResolution.browser.test.ts?import&browserv=1788823037404:30:20
    at async http://localhost:63315/@fs/Users/mohamedb/dev/projects/showhow/node_modules/@vitest/runner/dist/chunk-artifact.js?v=0f4c3314:1903:20
stderr | src/lib/exporter/mp4HighResolution.browser.test.ts > preserves native 4K source-quality text through motion and rejects blurred text
    at FrameRenderer.initialize (http://localhost:63315/src/lib/exporter/frameRenderer.ts:136:29)
    at async VideoExporter.exportWithEncoderPreference (http://localhost:63315/src/lib/exporter/videoExporter.ts:204:7)
    at async VideoExporter.export (http://localhost:63315/src/lib/exporter/videoExporter.ts:105:16)
    at async http://localhost:63315/Users/mohamedb/.herdr/worktrees/showhow/ticket-67-optimize-mp4-size/src/lib/exporter/mp4HighResolution.browser.test.ts?import&browserv=1788823037404:30:20
    at async http://localhost:63315/@fs/Users/mohamedb/dev/projects/showhow/node_modules/@vitest/runner/dist/chunk-artifact.js?v=0f4c3314:1903:20
stdout | src/lib/exporter/mp4HighResolution.browser.test.ts > preserves native 4K source-quality text through motion and rejects blurred text
[VideoExporter] Using hardware acceleration
stdout | src/lib/exporter/mp4HighResolution.browser.test.ts > preserves native 4K source-quality text through motion and rejects blurred text
[StreamingVideoDecoder] decoderConfig.codec: avc1.640034
stdout | src/lib/exporter/mp4HighResolution.browser.test.ts > preserves native 4K source-quality text through motion and rejects blurred text
[StreamingVideoDecoder] decoderConfig.description: Uint8Array [
  1,
  100,
  0,
  52,
  255,
  225,
  0,
  16,
  39,
  100,
  0,
  52,
  172,
  86,
  128,
  60,
  0,
  67,
  233,
  168,
  8,
  8,
  8,
  16,
  1,
  0,
  4,
  40,
  238,
  60,
  176,
  253,
  248,
  248,
  0,
]
stdout | src/lib/exporter/mp4HighResolution.browser.test.ts > preserves native 4K source-quality text through motion and rejects blurred text
[StreamingVideoDecoder] isConfigSupported for "avc1.640034": true
stdout | src/lib/exporter/mp4HighResolution.browser.test.ts > preserves native 4K source-quality text through motion and rejects blurred text
MP4_4K_QUALITY {"userAgent":"Mozilla/5.0 (Macintosh; Intel Mac OS X 10_15_7) AppleWebKit/537.36 (KHTML, like Gecko) HeadlessChrome/147.0.7727.15 Safari/537.36","frame":15,"fixtureBytes":1350183,"outputBytes":1954941,"configurations":[{"codec":"avc1.640033","width":3840,"height":2160,"bitrate":14400000,"framerate":60,"latencyMode":"quality","bitrateMode":"variable","hardwareAcceleration":"prefer-hardware"}],"positive":{"correct":40,"total":42,"minimumContrastRatio":0.7525252525252525},"negative":{"correct":2,"total":42,"minimumContrastRatio":0.08585858585858586}}
 ❯ |chromium| src/lib/exporter/mp4HighResolution.browser.test.ts (1 test | 1 failed) 6652ms
   × preserves native 4K source-quality text through motion and rejects blurred text 6652ms

⎯⎯⎯⎯⎯⎯⎯ Failed Tests 1 ⎯⎯⎯⎯⎯⎯⎯

 FAIL  |chromium| src/lib/exporter/mp4HighResolution.browser.test.ts > preserves native 4K source-quality text through motion and rejects blurred text
AssertionError: expected 40 to be 42 // Object.is equality

Failure screenshot:
  - src/lib/exporter/__screenshots__/mp4HighResolution.browser.test.ts/preserves-native-4K-source-quality-text-through-motion-and-rejects-blurred-text-1.png

[32m- Expected[39m
[31m+ Received[39m

[32m- 42[39m
[31m+ 40[39m

 ❯ assertReadable src/lib/exporter/mp4HighResolution.browser.test.ts:24:23
     22|  // Every sampled known character must remain identifiable, retaining …
     23|  // half its input glyph contrast. Background-only similarity cannot p…
     24|  expect(score.correct).toBe(score.total);
       |                       ^
     25|  expect(score.minimumContrastRatio).toBeGreaterThanOrEqual(0.5);
     26| }
 ❯ src/lib/exporter/mp4HighResolution.browser.test.ts:115:4

⎯⎯⎯⎯⎯⎯⎯⎯⎯⎯⎯⎯⎯⎯⎯⎯⎯⎯⎯⎯⎯⎯⎯⎯[1/1]⎯


 Test Files  1 failed | 1 passed (2)
      Tests  1 failed | 1 passed (2)
   Start at  00:17:16
   Duration  12.03s (transform 0ms, setup 0ms, import 315ms, tests 10.68s, environment 0ms)

